Component: ARM Compiler 5.06 update 6 (build 750) Tool: armlink [4d35ed]

==============================================================================

Section Cross References

    stm32f4xx_hal_adc.o(i.ADC_DMAConvCplt) refers to main.o(i.HAL_ADC_ConvCpltCallback) for HAL_ADC_ConvCpltCallback
    stm32f4xx_hal_adc.o(i.ADC_DMAError) refers to stm32f4xx_hal_adc.o(i.HAL_ADC_ErrorCallback) for HAL_ADC_ErrorCallback
    stm32f4xx_hal_adc.o(i.ADC_DMAHalfConvCplt) refers to stm32f4xx_hal_adc.o(i.HAL_ADC_ConvHalfCpltCallback) for HAL_ADC_ConvHalfCpltCallback
    stm32f4xx_hal_adc.o(i.HAL_ADC_ConfigChannel) refers to system_stm32f4xx.o(.data) for SystemCoreClock
    stm32f4xx_hal_adc.o(i.HAL_ADC_DeInit) refers to stm32f4xx_hal_msp.o(i.HAL_ADC_MspDeInit) for HAL_ADC_MspDeInit
    stm32f4xx_hal_adc.o(i.HAL_ADC_IRQHandler) refers to main.o(i.HAL_ADC_ConvCpltCallback) for HAL_ADC_ConvCpltCallback
    stm32f4xx_hal_adc.o(i.HAL_ADC_IRQHandler) refers to stm32f4xx_hal_adc_ex.o(i.HAL_ADCEx_InjectedConvCpltCallback) for HAL_ADCEx_InjectedConvCpltCallback
    stm32f4xx_hal_adc.o(i.HAL_ADC_IRQHandler) refers to stm32f4xx_hal_adc.o(i.HAL_ADC_LevelOutOfWindowCallback) for HAL_ADC_LevelOutOfWindowCallback
    stm32f4xx_hal_adc.o(i.HAL_ADC_IRQHandler) refers to stm32f4xx_hal_adc.o(i.HAL_ADC_ErrorCallback) for HAL_ADC_ErrorCallback
    stm32f4xx_hal_adc.o(i.HAL_ADC_Init) refers to stm32f4xx_hal_msp.o(i.HAL_ADC_MspInit) for HAL_ADC_MspInit
    stm32f4xx_hal_adc.o(i.HAL_ADC_Init) refers to stm32f4xx_hal_adc.o(i.ADC_Init) for ADC_Init
    stm32f4xx_hal_adc.o(i.HAL_ADC_PollForConversion) refers to stm32f4xx_hal.o(i.HAL_GetTick) for HAL_GetTick
    stm32f4xx_hal_adc.o(i.HAL_ADC_PollForEvent) refers to stm32f4xx_hal.o(i.HAL_GetTick) for HAL_GetTick
    stm32f4xx_hal_adc.o(i.HAL_ADC_Start) refers to system_stm32f4xx.o(.data) for SystemCoreClock
    stm32f4xx_hal_adc.o(i.HAL_ADC_Start_DMA) refers to stm32f4xx_hal_dma.o(i.HAL_DMA_Start_IT) for HAL_DMA_Start_IT
    stm32f4xx_hal_adc.o(i.HAL_ADC_Start_DMA) refers to system_stm32f4xx.o(.data) for SystemCoreClock
    stm32f4xx_hal_adc.o(i.HAL_ADC_Start_DMA) refers to stm32f4xx_hal_adc.o(i.ADC_DMAConvCplt) for ADC_DMAConvCplt
    stm32f4xx_hal_adc.o(i.HAL_ADC_Start_DMA) refers to stm32f4xx_hal_adc.o(i.ADC_DMAHalfConvCplt) for ADC_DMAHalfConvCplt
    stm32f4xx_hal_adc.o(i.HAL_ADC_Start_DMA) refers to stm32f4xx_hal_adc.o(i.ADC_DMAError) for ADC_DMAError
    stm32f4xx_hal_adc.o(i.HAL_ADC_Start_IT) refers to system_stm32f4xx.o(.data) for SystemCoreClock
    stm32f4xx_hal_adc.o(i.HAL_ADC_Stop_DMA) refers to stm32f4xx_hal_dma.o(i.HAL_DMA_Abort) for HAL_DMA_Abort
    stm32f4xx_hal_i2c.o(i.HAL_I2C_DeInit) refers to stm32f4xx_hal_msp.o(i.HAL_I2C_MspDeInit) for HAL_I2C_MspDeInit
    stm32f4xx_hal_i2c.o(i.HAL_I2C_ER_IRQHandler) refers to stm32f4xx_hal_i2c.o(i.I2C_Slave_AF) for I2C_Slave_AF
    stm32f4xx_hal_i2c.o(i.HAL_I2C_ER_IRQHandler) refers to stm32f4xx_hal_i2c.o(i.I2C_ITError) for I2C_ITError
    stm32f4xx_hal_i2c.o(i.HAL_I2C_EV_IRQHandler) refers to stm32f4xx_hal_i2c.o(i.I2C_Master_SB) for I2C_Master_SB
    stm32f4xx_hal_i2c.o(i.HAL_I2C_EV_IRQHandler) refers to stm32f4xx_hal_i2c.o(i.I2C_Master_ADDR) for I2C_Master_ADDR
    stm32f4xx_hal_i2c.o(i.HAL_I2C_EV_IRQHandler) refers to stm32f4xx_hal_i2c.o(i.I2C_MasterTransmit_TXE) for I2C_MasterTransmit_TXE
    stm32f4xx_hal_i2c.o(i.HAL_I2C_EV_IRQHandler) refers to stm32f4xx_hal_i2c.o(i.I2C_MasterTransmit_BTF) for I2C_MasterTransmit_BTF
    stm32f4xx_hal_i2c.o(i.HAL_I2C_EV_IRQHandler) refers to stm32f4xx_hal_i2c.o(i.I2C_MasterReceive_RXNE) for I2C_MasterReceive_RXNE
    stm32f4xx_hal_i2c.o(i.HAL_I2C_EV_IRQHandler) refers to stm32f4xx_hal_i2c.o(i.I2C_MasterReceive_BTF) for I2C_MasterReceive_BTF
    stm32f4xx_hal_i2c.o(i.HAL_I2C_EV_IRQHandler) refers to stm32f4xx_hal_i2c.o(i.HAL_I2C_AddrCallback) for HAL_I2C_AddrCallback
    stm32f4xx_hal_i2c.o(i.HAL_I2C_EV_IRQHandler) refers to stm32f4xx_hal_i2c.o(i.I2C_Slave_STOPF) for I2C_Slave_STOPF
    stm32f4xx_hal_i2c.o(i.HAL_I2C_EV_IRQHandler) refers to stm32f4xx_hal_i2c.o(i.HAL_I2C_SlaveTxCpltCallback) for HAL_I2C_SlaveTxCpltCallback
    stm32f4xx_hal_i2c.o(i.HAL_I2C_EV_IRQHandler) refers to stm32f4xx_hal_i2c.o(i.HAL_I2C_SlaveRxCpltCallback) for HAL_I2C_SlaveRxCpltCallback
    stm32f4xx_hal_i2c.o(i.HAL_I2C_Init) refers to stm32f4xx_hal_msp.o(i.HAL_I2C_MspInit) for HAL_I2C_MspInit
    stm32f4xx_hal_i2c.o(i.HAL_I2C_Init) refers to stm32f4xx_hal_rcc.o(i.HAL_RCC_GetPCLK1Freq) for HAL_RCC_GetPCLK1Freq
    stm32f4xx_hal_i2c.o(i.HAL_I2C_IsDeviceReady) refers to stm32f4xx_hal.o(i.HAL_GetTick) for HAL_GetTick
    stm32f4xx_hal_i2c.o(i.HAL_I2C_IsDeviceReady) refers to stm32f4xx_hal_i2c.o(i.I2C_WaitOnFlagUntilTimeout) for I2C_WaitOnFlagUntilTimeout
    stm32f4xx_hal_i2c.o(i.HAL_I2C_Master_Abort_IT) refers to stm32f4xx_hal_i2c.o(i.I2C_ITError) for I2C_ITError
    stm32f4xx_hal_i2c.o(i.HAL_I2C_Master_Receive) refers to stm32f4xx_hal.o(i.HAL_GetTick) for HAL_GetTick
[...]

    Local Symbols

    Symbol Name                              Value     Ov Type        Size  Object(Section)

    ../Drivers/STM32F4xx_HAL_Driver/Src/stm32f4xx_hal.c 0x00000000   Number         0  stm32f4xx_hal.o ABSOLUTE
    ../Drivers/STM32F4xx_HAL_Driver/Src/stm32f4xx_hal_adc.c 0x00000000   Number         0  stm32f4xx_hal_adc.o ABSOLUTE
    ../Drivers/STM32F4xx_HAL_Driver/Src/stm32f4xx_hal_adc_ex.c 0x00000000   Number         0  stm32f4xx_hal_adc_ex.o ABSOLUTE
    ../Drivers/STM32F4xx_HAL_Driver/Src/stm32f4xx_hal_cortex.c 0x00000000   Number         0  stm32f4xx_hal_cortex.o ABSOLUTE
    ../Drivers/STM32F4xx_HAL_Driver/Src/stm32f4xx_hal_dma.c 0x00000000   Number         0  stm32f4xx_hal_dma.o ABSOLUTE
    ../Drivers/STM32F4xx_HAL_Driver/Src/stm32f4xx_hal_dma_ex.c 0x00000000   Number         0  stm32f4xx_hal_dma_ex.o ABSOLUTE
    ../Drivers/STM32F4xx_HAL_Driver/Src/stm32f4xx_hal_flash.c 0x00000000   Number         0  stm32f4xx_hal_flash.o ABSOLUTE
    ../Drivers/STM32F4xx_HAL_Driver/Src/stm32f4xx_hal_flash_ex.c 0x00000000   Number         0  stm32f4xx_hal_flash_ex.o ABSOLUTE
    ../Drivers/STM32F4xx_HAL_Driver/Src/stm32f4xx_hal_flash_ramfunc.c 0x00000000   Number         0  stm32f4xx_hal_flash_ramfunc.o ABSOLUTE
    ../Drivers/STM32F4xx_HAL_Driver/Src/stm32f4xx_hal_gpio.c 0x00000000   Number         0  stm32f4xx_hal_gpio.o ABSOLUTE
    ../Drivers/STM32F4xx_HAL_Driver/Src/stm32f4xx_hal_i2c.c 0x00000000   Number         0  stm32f4xx_hal_i2c.o ABSOLUTE
    ../Drivers/STM32F4xx_HAL_Driver/Src/stm32f4xx_hal_i2c_ex.c 0x00000000   Number         0  stm32f4xx_hal_i2c_ex.o ABSOLUTE
    ../Drivers/STM32F4xx_HAL_Driver/Src/stm32f4xx_hal_pwr.c 0x00000000   Number         0  stm32f4xx_hal_pwr.o ABSOLUTE
    ../Drivers/STM32F4xx_HAL_Driver/Src/stm32f4xx_hal_pwr_ex.c 0x00000000   Number         0  stm32f4xx_hal_pwr_ex.o ABSOLUTE
    ../Drivers/STM32F4xx_HAL_Driver/Src/stm32f4xx_hal_rcc.c 0x00000000   Number         0  stm32f4xx_hal_rcc.o ABSOLUTE
    ../Drivers/STM32F4xx_HAL_Driver/Src/stm32f4xx_hal_rcc_ex.c 0x00000000   Number         0  stm32f4xx_hal_rcc_ex.o ABSOLUTE
    ../Drivers/STM32F4xx_HAL_Driver/Src/stm32f4xx_hal_tim.c 0x00000000   Number         0  stm32f4xx_hal_tim.o ABSOLUTE
    ../Drivers/STM32F4xx_HAL_Driver/Src/stm32f4xx_hal_tim_ex.c 0x00000000   Number         0  stm32f4xx_hal_tim_ex.o ABSOLUTE
    ../Drivers/STM32F4xx_HAL_Driver/Src/stm32f4xx_hal_uart.c 0x00000000   Number         0  stm32f4xx_hal_uart.o ABSOLUTE
    ../Src/main.c                            0x00000000   Number         0  main.o ABSOLUTE
    ../Src/stm32f4xx_hal_msp.c               0x00000000   Number         0  stm32f4xx_hal_msp.o ABSOLUTE
    ../Src/stm32f4xx_it.c                    0x00000000   Number         0  stm32f4xx_it.o ABSOLUTE
    ../Src/system_stm32f4xx.c                0x00000000   Number         0  system_stm32f4xx.o ABSOLUTE
    ../clib/microlib/ctype/ctype.c           0x00000000   Number         0  isxdigit_o.o ABSOLUTE
    ../clib/microlib/ctype/ctype.c           0x00000000   Number         0  isupper_o.o ABSOLUTE
    ../clib/microlib/ctype/ctype.c           0x00000000   Number         0  isspace_o.o ABSOLUTE
    ../clib/microlib/ctype/ctype.c           0x00000000   Number         0  ispunct_o.o ABSOLUTE
    ../clib/microlib/ctype/ctype.c           0x00000000   Number         0  isprint_o.o ABSOLUTE
    ../clib/microlib/ctype/ctype.c           0x00000000   Number         0  islower_o.o ABSOLUTE
    ../clib/microlib/ctype/ctype.c           0x00000000   Number         0  ctype_o.o ABSOLUTE
    ../clib/microlib/ctype/ctype.c           0x00000000   Number         0  isalnum_o.o ABSOLUTE
    ../clib/microlib/ctype/ctype.c           0x00000000   Number         0  isgraph_o.o ABSOLUTE
    ../clib/microlib/ctype/ctype.c           0x00000000   Number         0  isalpha_o.o ABSOLUTE
    ../clib/microlib/ctype/ctype.c           0x00000000   Number         0  isblank_o.o ABSOLUTE
    ../clib/microlib/ctype/ctype.c           0x00000000   Number         0  iscntrl_o.o ABSOLUTE
    ../clib/microlib/ctype/ctype.c           0x00000000   Number         0  isdigit_o.o ABSOLUTE
    ../clib/microlib/division.c              0x00000000   Number         0  uldiv.o ABSOLUTE
    ../clib/microlib/division.c              0x00000000   Number         0  uidiv.o ABSOLUTE
    ../clib/microlib/errno.c                 0x00000000   Number         0  errno.o ABSOLUTE
    ../clib/microlib/init/entry.s            0x00000000   Number         0  entry7b.o ABSOLUTE
    ../clib/microlib/init/entry.s            0x00000000   Number         0  entry8a.o ABSOLUTE
    ../clib/microlib/init/entry.s            0x00000000   Number         0  entry11a.o ABSOLUTE
    ../clib/microlib/init/entry.s            0x00000000   Number         0  entry8b.o ABSOLUTE
    ../clib/microlib/init/entry.s            0x00000000   Number         0  entry5.o ABSOLUTE
    ../clib/microlib/init/entry.s            0x00000000   Number         0  entry.o ABSOLUTE
    ../clib/microlib/init/entry.s            0x00000000   Number         0  entry2.o ABSOLUTE
    ../clib/microlib/init/entry.s            0x00000000   Number         0  entry7a.o ABSOLUTE
    ../clib/microlib/init/entry.s            0x00000000   Number         0  entry11b.o ABSOLUTE
    ../clib/microlib/init/entry.s            0x00000000   Number         0  entry10b.o ABSOLUTE
    ../clib/microlib/init/entry.s            0x00000000   Number         0  entry10a.o ABSOLUTE
    ../clib/microlib/init/entry.s            0x00000000   Number         0  entry9b.o ABSOLUTE
    ../clib/microlib/init/entry.s            0x00000000   Number         0  entry9a.o ABSOLUTE
    ../clib/microlib/longlong.c              0x00000000   Number         0  llshl.o ABSOLUTE
    ../clib/microlib/longlong.c              0x00000000   Number         0  llsshr.o ABSOLUTE
    ../clib/microlib/longlong.c              0x00000000   Number         0  llushr.o ABSOLUTE
    ../clib/microlib/printf/printf.c         0x00000000   Number         0  printf5.o ABSOLUTE
    ../clib/microlib/printf/printf.c         0x00000000   Number         0  printf4.o ABSOLUTE
    ../clib/microlib/printf/printf.c         0x00000000   Number         0  printf3.o ABSOLUTE
    ../clib/microlib/printf/printf.c         0x00000000   Number         0  printf2.o ABSOLUTE
    ../clib/microlib/printf/printf.c         0x00000000   Number         0  printf1.o ABSOLUTE
    ../clib/microlib/printf/printf.c         0x00000000   Number         0  printf0.o ABSOLUTE
    ../clib/microlib/printf/printf.c         0x00000000   Number         0  printfb.o ABSOLUTE
    ../clib/microlib/printf/printf.c         0x00000000   Number         0  printf6.o ABSOLUTE
    ../clib/microlib/printf/printf.c         0x00000000   Number         0  printfa.o ABSOLUTE
    ../clib/microlib/printf/printf.c         0x00000000   Number         0  printf8.o ABSOLUTE
    ../clib/microlib/printf/printf.c         0x00000000   Number         0  printf7.o ABSOLUTE
    ../clib/microlib/printf/stubs.s          0x00000000   Number         0  stubs.o ABSOLUTE
    ../clib/microlib/stdio/fputc.c           0x00000000   Number         0  fputc.o ABSOLUTE
    ../clib/microlib/stdio/semi.s            0x00000000   Number         0  semi.o ABSOLUTE
    ../clib/microlib/stdio/streams.c         0x00000000   Number         0  stdout.o ABSOLUTE
    ../clib/microlib/stubs.s                 0x00000000   Number         0  iusefp.o ABSOLUTE
    ../clib/microlib/stubs.s                 0x00000000   Number         0  iusesemip.o ABSOLUTE
    ../clib/scanf.c                          0x00000000   Number         0  strtol.o ABSOLUTE
    ../clib/scanf.c                          0x00000000   Number         0  _strtoul.o ABSOLUTE
    ../clib/scanf.c                          0x00000000   Number         0  atoi.o ABSOLUTE
    ../clib/scanf.c                          0x00000000   Number         0  _chval.o ABSOLUTE
    ../fplib/microlib/fpadd.c                0x00000000   Number         0  dadd.o ABSOLUTE
    ../fplib/microlib/fpdiv.c                0x00000000   Number         0  ddiv.o ABSOLUTE
    ../fplib/microlib/fpepilogue.c           0x00000000   Number         0  depilogue.o ABSOLUTE
    ../fplib/microlib/fpfix.c                0x00000000   Number         0  dfixul.o ABSOLUTE
    ../fplib/microlib/fpmul.c                0x00000000   Number         0  dmul.o ABSOLUTE
    ..\Drivers\STM32F4xx_HAL_Driver\Src\stm32f4xx_hal.c 0x00000000   Number         0  stm32f4xx_hal.o ABSOLUTE
    ..\Drivers\STM32F4xx_HAL_Driver\Src\stm32f4xx_hal_adc.c 0x00000000   Number         0  stm32f4xx_hal_adc.o ABSOLUTE
    ..\Drivers\STM32F4xx_HAL_Driver\Src\stm32f4xx_hal_adc_ex.c 0x00000000   Number         0  stm32f4xx_hal_adc_ex.o ABSOLUTE
    ..\Drivers\STM32F4xx_HAL_Driver\Src\stm32f4xx_hal_cortex.c 0x00000000   Number         0  stm32f4xx_hal_cortex.o ABSOLUTE
    ..\Drivers\STM32F4xx_HAL_Driver\Src\stm32f4xx_hal_dma.c 0x00000000   Number         0  stm32f4xx_hal_dma.o ABSOLUTE
    ..\Drivers\STM32F4xx_HAL_Driver\Src\stm32f4xx_hal_dma_ex.c 0x00000000   Number         0  stm32f4xx_hal_dma_ex.o ABSOLUTE
    ..\Drivers\STM32F4xx_HAL_Driver\Src\stm32f4xx_hal_flash.c 0x00000000   Number         0  stm32f4xx_hal_flash.o ABSOLUTE
    ..\Drivers\STM32F4xx_HAL_Driver\Src\stm32f4xx_hal_flash_ex.c 0x00000000   Number         0  stm32f4xx_hal_flash_ex.o ABSOLUTE
    ..\Drivers\STM32F4xx_HAL_Driver\Src\stm32f4xx_hal_flash_ramfunc.c 0x00000000   Number         0  stm32f4xx_hal_flash_ramfunc.o ABSOLUTE
    ..\Drivers\STM32F4xx_HAL_Driver\Src\stm32f4xx_hal_gpio.c 0x00000000   Number         0  stm32f4xx_hal_gpio.o ABSOLUTE
    ..\Drivers\STM32F4xx_HAL_Driver\Src\stm32f4xx_hal_i2c.c 0x00000000   Number         0  stm32f4xx_hal_i2c.o ABSOLUTE
    ..\Drivers\STM32F4xx_HAL_Driver\Src\stm32f4xx_hal_i2c_ex.c 0x00000000   Number         0  stm32f4xx_hal_i2c_ex.o ABSOLUTE
    ..\Drivers\STM32F4xx_HAL_Driver\Src\stm32f4xx_hal_pwr.c 0x00000000   Number         0  stm32f4xx_hal_pwr.o ABSOLUTE
    ..\Drivers\STM32F4xx_HAL_Driver\Src\stm32f4xx_hal_pwr_ex.c 0x00000000   Number         0  stm32f4xx_hal_pwr_ex.o ABSOLUTE
    ..\Drivers\STM32F4xx_HAL_Driver\Src\stm32f4xx_hal_rcc.c 0x00000000   Number         0  stm32f4xx_hal_rcc.o ABSOLUTE
    ..\Drivers\STM32F4xx_HAL_Driver\Src\stm32f4xx_hal_rcc_ex.c 0x00000000   Number         0  stm32f4xx_hal_rcc_ex.o ABSOLUTE
    ..\Drivers\STM32F4xx_HAL_Driver\Src\stm32f4xx_hal_tim.c 0x00000000   Number         0  stm32f4xx_hal_tim.o ABSOLUTE
    ..\Drivers\STM32F4xx_HAL_Driver\Src\stm32f4xx_hal_tim_ex.c 0x00000000   Number         0  stm32f4xx_hal_tim_ex.o ABSOLUTE
    ..\Drivers\STM32F4xx_HAL_Driver\Src\stm32f4xx_hal_uart.c 0x00000000   Number         0  stm32f4xx_hal_uart.o ABSOLUTE
    ..\Src\i2c-lcd.c                         0x00000000   Number         0  i2c-lcd.o ABSOLUTE
    ..\Src\main.c                            0x00000000   Number         0  main.o ABSOLUTE
    ..\Src\motor.c                           0x00000000   Number         0  motor.o ABSOLUTE
    ..\Src\stm32f4xx_hal_msp.c               0x00000000   Number         0  stm32f4xx_hal_msp.o ABSOLUTE
    ..\Src\stm32f4xx_it.c                    0x00000000   Number         0  stm32f4xx_it.o ABSOLUTE
    ..\Src\system_stm32f4xx.c                0x00000000   Number         0  system_stm32f4xx.o ABSOLUTE
    ..\\Src\\i2c-lcd.c                       0x00000000   Number         0  i2c-lcd.o ABSOLUTE
    ..\\Src\\motor.c                         0x00000000   Number         0  motor.o ABSOLUTE
    cdrcmple.s                               0x00000000   Number         0  cdrcmple.o ABSOLUTE
    dc.s                                     0x00000000   Number         0  dc.o ABSOLUTE
    handlers.s                               0x00000000   Number         0  handlers.o ABSOLUTE
    init.s                                   0x00000000   Number         0  init.o ABSOLUTE
    startup_stm32f407xx.s                    0x00000000   Number         0  startup_stm32f407xx.o ABSOLUTE
    RESET                                    0x08000000   Section      392  startup_stm32f407xx.o(RESET)
    .ARM.Collect$$$$00000000                 0x08000188   Section        0  entry.o(.ARM.Collect$$$$00000000)
    .ARM.Collect$$$$00000001                 0x08000188   Section        4  entry2.o(.ARM.Collect$$$$00000001)
    .ARM.Collect$$$$00000004                 0x0800018c   Section        4  entry5.o(.ARM.Collect$$$$00000004)
    .ARM.Collect$$$$00000008                 0x08000190   Section        0  entry7b.o(.ARM.Collect$$$$00000008)
    .ARM.Collect$$$$0000000A                 0x08000190   Section        0  entry8b.o(.ARM.Collect$$$$0000000A)
    .ARM.Collect$$$$0000000B                 0x08000190   Section        8  entry9a.o(.ARM.Collect$$$$0000000B)
    .ARM.Collect$$$$0000000D                 0x08000198   Section        0  entry10a.o(.ARM.Collect$$$$0000000D)
    .ARM.Collect$$$$0000000F                 0x08000198   Section        0  entry11a.o(.ARM.Collect$$$$0000000F)
    .ARM.Collect$$$$00002712                 0x08000198   Section        4  entry2.o(.ARM.Collect$$$$00002712)
    __lit__00000000                          0x08000198   Data           4  entry2.o(.ARM.Collect$$$$00002712)
    .text                                    0x0800019c   Section       36  startup_stm32f407xx.o(.text)
    $v0                                      0x0800019c   Number         0  startup_stm32f407xx.o(.text)
    .text                                    0x080001c0   Section        0  uldiv.o(.text)
    .text                                    0x08000222   Section        0  atoi.o(.text)
    .text                                    0x0800023c   Section        0  uidiv.o(.text)
    .text                                    0x08000268   Section        0  llshl.o(.text)
    .text                                    0x08000286   Section        0  llushr.o(.text)
    .text                                    0x080002a6   Section        0  strtol.o(.text)
    .text                                    0x08000318   Section       36  init.o(.text)
    .text                                    0x0800033c   Section        0  ctype_o.o(.text)
    .text                                    0x08000344   Section        0  _strtoul.o(.text)
    .text                                    0x080003e2   Section        0  _chval.o(.text)
    i.ADC_DMAConvCplt                        0x080003fe   Section        0  stm32f4xx_hal_adc.o(i.ADC_DMAConvCplt)
    ADC_DMAConvCplt                          0x080003ff   Thumb Code    98  stm32f4xx_hal_adc.o(i.ADC_DMAConvCplt)
    i.ADC_DMAError                           0x08000460   Section        0  stm32f4xx_hal_adc.o(i.ADC_DMAError)
    ADC_DMAError                             0x08000461   Thumb Code    22  stm32f4xx_hal_adc.o(i.ADC_DMAError)
    i.ADC_DMAHalfConvCplt                    0x08000476   Section        0  stm32f4xx_hal_adc.o(i.ADC_DMAHalfConvCplt)
    ADC_DMAHalfConvCplt                      0x08000477   Thumb Code    10  stm32f4xx_hal_adc.o(i.ADC_DMAHalfConvCplt)
    i.ADC_IRQHandler                         0x08000480   Section        0  stm32f4xx_it.o(i.ADC_IRQHandler)
    i.ADC_Init                               0x0800049c   Section        0  stm32f4xx_hal_adc.o(i.ADC_Init)
    ADC_Init                                 0x0800049d   Thumb Code   280  stm32f4xx_hal_adc.o(i.ADC_Init)
    i.BusFault_Handler                       0x080005c0   Section        0  stm32f4xx_it.o(i.BusFault_Handler)
    i.DMA2_Stream0_IRQHandler                0x080005c4   Section        0  stm32f4xx_it.o(i.DMA2_Stream0_IRQHandler)
    i.DMA_CalcBaseAndBitshift                0x080005d0   Section        0  stm32f4xx_hal_dma.o(i.DMA_CalcBaseAndBitshift)
    DMA_CalcBaseAndBitshift                  0x080005d1   Thumb Code    34  stm32f4xx_hal_dma.o(i.DMA_CalcBaseAndBitshift)
    i.DMA_CheckFifoParam                     0x080005f8   Section        0  stm32f4xx_hal_dma.o(i.DMA_CheckFifoParam)
    DMA_CheckFifoParam                       0x080005f9   Thumb Code    84  stm32f4xx_hal_dma.o(i.DMA_CheckFifoParam)
    i.DMA_SetConfig                          0x0800064c   Section        0  stm32f4xx_hal_dma.o(i.DMA_SetConfig)
    DMA_SetConfig                            0x0800064d   Thumb Code    40  stm32f4xx_hal_dma.o(i.DMA_SetConfig)
    i.DebugMon_Handler                       0x08000674   Section        0  stm32f4xx_it.o(i.DebugMon_Handler)
    i.EXTI0_IRQHandler                       0x08000676   Section        0  stm32f4xx_it.o(i.EXTI0_IRQHandler)
    i.EXTI15_10_IRQHandler                   0x0800067c   Section        0  stm32f4xx_it.o(i.EXTI15_10_IRQHandler)
    i.EXTI1_IRQHandler                       0x08000684   Section        0  stm32f4xx_it.o(i.EXTI1_IRQHandler)
    i.EXTI2_IRQHandler                       0x0800068a   Section        0  stm32f4xx_it.o(i.EXTI2_IRQHandler)
    i.EXTI3_IRQHandler                       0x08000690   Section        0  stm32f4xx_it.o(i.EXTI3_IRQHandler)
    i.EXTI4_IRQHandler                       0x08000696   Section        0  stm32f4xx_it.o(i.EXTI4_IRQHandler)
    i.HAL_ADCEx_InjectedConvCpltCallback     0x0800069c   Section        0  stm32f4xx_hal_adc_ex.o(i.HAL_ADCEx_InjectedConvCpltCallback)
    i.HAL_ADC_ConfigChannel                  0x080006a0   Section        0  stm32f4xx_hal_adc.o(i.HAL_ADC_ConfigChannel)
    i.HAL_ADC_ConvCpltCallback               0x080007ec   Section        0  main.o(i.HAL_ADC_ConvCpltCallback)
    i.HAL_ADC_ConvHalfCpltCallback           0x08000820   Section        0  stm32f4xx_hal_adc.o(i.HAL_ADC_ConvHalfCpltCallback)
    i.HAL_ADC_ErrorCallback                  0x08000822   Section        0  stm32f4xx_hal_adc.o(i.HAL_ADC_ErrorCallback)
    i.HAL_ADC_GetValue                       0x08000824   Section        0  stm32f4xx_hal_adc.o(i.HAL_ADC_GetValue)
    i.HAL_ADC_IRQHandler                     0x0800082a   Section        0  stm32f4xx_hal_adc.o(i.HAL_ADC_IRQHandler)
    i.HAL_ADC_Init                           0x08000966   Section        0  stm32f4xx_hal_adc.o(i.HAL_ADC_Init)
    i.HAL_ADC_LevelOutOfWindowCallback       0x080009ba   Section        0  stm32f4xx_hal_adc.o(i.HAL_ADC_LevelOutOfWindowCallback)
    i.HAL_ADC_MspInit                        0x080009bc   Section        0  stm32f4xx_hal_msp.o(i.HAL_ADC_MspInit)
    i.HAL_ADC_Start_DMA                      0x08000aa8   Section        0  stm32f4xx_hal_adc.o(i.HAL_ADC_Start_DMA)
    i.HAL_ADC_Start_IT                       0x08000ba8   Section        0  stm32f4xx_hal_adc.o(i.HAL_ADC_Start_IT)
    i.HAL_ADC_Stop_DMA                       0x08000c70   Section        0  stm32f4xx_hal_adc.o(i.HAL_ADC_Stop_DMA)
    i.HAL_ADC_Stop_IT                        0x08000cc8   Section        0  stm32f4xx_hal_adc.o(i.HAL_ADC_Stop_IT)
    i.HAL_DMA_Abort                          0x08000d10   Section        0  stm32f4xx_hal_dma.o(i.HAL_DMA_Abort)
    i.HAL_DMA_Abort_IT                       0x08000d9e   Section        0  stm32f4xx_hal_dma.o(i.HAL_DMA_Abort_IT)
    i.HAL_DMA_IRQHandler                     0x08000dc4   Section        0  stm32f4xx_hal_dma.o(i.HAL_DMA_IRQHandler)
    i.HAL_DMA_Init                           0x08000f64   Section        0  stm32f4xx_hal_dma.o(i.HAL_DMA_Init)
    i.HAL_DMA_Start_IT                       0x08001038   Section        0  stm32f4xx_hal_dma.o(i.HAL_DMA_Start_IT)
    i.HAL_Delay                              0x080010b0   Section        0  stm32f4xx_hal.o(i.HAL_Delay)
    i.HAL_GPIO_EXTI_Callback                 0x080010cc   Section        0  main.o(i.HAL_GPIO_EXTI_Callback)
    i.HAL_GPIO_EXTI_IRQHandler               0x080011f4   Section        0  stm32f4xx_hal_gpio.o(i.HAL_GPIO_EXTI_IRQHandler)
    i.HAL_GPIO_Init                          0x0800120c   Section        0  stm32f4xx_hal_gpio.o(i.HAL_GPIO_Init)
    i.HAL_GPIO_ReadPin                       0x080013bc   Section        0  stm32f4xx_hal_gpio.o(i.HAL_GPIO_ReadPin)
    i.HAL_GPIO_TogglePin                     0x080013c6   Section        0  stm32f4xx_hal_gpio.o(i.HAL_GPIO_TogglePin)
    i.HAL_GPIO_WritePin                      0x080013ce   Section        0  stm32f4xx_hal_gpio.o(i.HAL_GPIO_WritePin)
    i.HAL_GetTick                            0x080013d8   Section        0  stm32f4xx_hal.o(i.HAL_GetTick)
    i.HAL_I2C_Init                           0x080013e4   Section        0  stm32f4xx_hal_i2c.o(i.HAL_I2C_Init)
    i.HAL_I2C_Master_Transmit                0x080014ec   Section        0  stm32f4xx_hal_i2c.o(i.HAL_I2C_Master_Transmit)
    i.HAL_I2C_MspInit                        0x08001624   Section        0  stm32f4xx_hal_msp.o(i.HAL_I2C_MspInit)
    i.HAL_IncTick                            0x08001670   Section        0  stm32f4xx_hal.o(i.HAL_IncTick)
    i.HAL_Init                               0x08001680   Section        0  stm32f4xx_hal.o(i.HAL_Init)
    i.HAL_InitTick                           0x080016b4   Section        0  stm32f4xx_hal.o(i.HAL_InitTick)
    i.HAL_MspInit                            0x080016dc   Section        0  stm32f4xx_hal_msp.o(i.HAL_MspInit)
    i.HAL_NVIC_EnableIRQ                     0x08001734   Section        0  stm32f4xx_hal_cortex.o(i.HAL_NVIC_EnableIRQ)
    i.HAL_NVIC_SetPriority                   0x0800174c   Section        0  stm32f4xx_hal_cortex.o(i.HAL_NVIC_SetPriority)
    i.HAL_NVIC_SetPriorityGrouping           0x0800178c   Section        0  stm32f4xx_hal_cortex.o(i.HAL_NVIC_SetPriorityGrouping)
    i.HAL_RCC_ClockConfig                    0x080017b0   Section        0  stm32f4xx_hal_rcc.o(i.HAL_RCC_ClockConfig)
    i.HAL_RCC_GetHCLKFreq                    0x080018e0   Section        0  stm32f4xx_hal_rcc.o(i.HAL_RCC_GetHCLKFreq)
    i.HAL_RCC_GetPCLK1Freq                   0x080018ec   Section        0  stm32f4xx_hal_rcc.o(i.HAL_RCC_GetPCLK1Freq)
    i.HAL_RCC_GetPCLK2Freq                   0x0800190c   Section        0  stm32f4xx_hal_rcc.o(i.HAL_RCC_GetPCLK2Freq)
    i.HAL_RCC_GetSysClockFreq                0x0800192c   Section        0  stm32f4xx_hal_rcc.o(i.HAL_RCC_GetSysClockFreq)
    i.HAL_RCC_OscConfig                      0x08001990   Section        0  stm32f4xx_hal_rcc.o(i.HAL_RCC_OscConfig)
    i.HAL_SYSTICK_CLKSourceConfig            0x08001c80   Section        0  stm32f4xx_hal_cortex.o(i.HAL_SYSTICK_CLKSourceConfig)
    i.HAL_SYSTICK_Callback                   0x08001c98   Section        0  stm32f4xx_hal_cortex.o(i.HAL_SYSTICK_Callback)
    i.HAL_SYSTICK_Config                     0x08001c9a   Section        0  stm32f4xx_hal_cortex.o(i.HAL_SYSTICK_Config)
    i.HAL_SYSTICK_IRQHandler                 0x08001cc2   Section        0  stm32f4xx_hal_cortex.o(i.HAL_SYSTICK_IRQHandler)
    i.HAL_TIMEx_MasterConfigSynchronization  0x08001cca   Section        0  stm32f4xx_hal_tim_ex.o(i.HAL_TIMEx_MasterConfigSynchronization)
    i.HAL_TIM_Base_Init                      0x08001d1a   Section        0  stm32f4xx_hal_tim.o(i.HAL_TIM_Base_Init)
    i.HAL_TIM_Base_MspInit                   0x08001d50   Section        0  stm32f4xx_hal_msp.o(i.HAL_TIM_Base_MspInit)
    i.HAL_TIM_ConfigClockSource              0x08001d8c   Section        0  stm32f4xx_hal_tim.o(i.HAL_TIM_ConfigClockSource)
    i.HAL_TIM_MspPostInit                    0x08001e80   Section        0  stm32f4xx_hal_msp.o(i.HAL_TIM_MspPostInit)
    i.HAL_TIM_PWM_ConfigChannel              0x08001ec8   Section        0  stm32f4xx_hal_tim.o(i.HAL_TIM_PWM_ConfigChannel)
    i.HAL_TIM_PWM_Init                       0x08001f98   Section        0  stm32f4xx_hal_tim.o(i.HAL_TIM_PWM_Init)
    i.HAL_TIM_PWM_MspInit                    0x08001fce   Section        0  stm32f4xx_hal_tim.o(i.HAL_TIM_PWM_MspInit)
    i.HAL_TIM_PWM_Start                      0x08001fd0   Section        0  stm32f4xx_hal_tim.o(i.HAL_TIM_PWM_Start)
    i.HAL_TIM_PWM_Stop                       0x08002008   Section        0  stm32f4xx_hal_tim.o(i.HAL_TIM_PWM_Stop)
    i.HAL_UART_AbortReceiveCpltCallback      0x08002064   Section        0  stm32f4xx_hal_uart.o(i.HAL_UART_AbortReceiveCpltCallback)
    i.HAL_UART_AbortReceive_IT               0x08002068   Section        0  stm32f4xx_hal_uart.o(i.HAL_UART_AbortReceive_IT)
    i.HAL_UART_ErrorCallback                 0x080020c4   Section        0  stm32f4xx_hal_uart.o(i.HAL_UART_ErrorCallback)
    i.HAL_UART_IRQHandler                    0x080020c8   Section        0  stm32f4xx_hal_uart.o(i.HAL_UART_IRQHandler)
    i.HAL_UART_Init                          0x080021d8   Section        0  stm32f4xx_hal_uart.o(i.HAL_UART_Init)
    i.HAL_UART_MspInit                       0x0800223c   Section        0  stm32f4xx_hal_msp.o(i.HAL_UART_MspInit)
    i.HAL_UART_Receive                       0x08002298   Section        0  stm32f4xx_hal_uart.o(i.HAL_UART_Receive)
    i.HAL_UART_Receive_IT                    0x08002350   Section        0  stm32f4xx_hal_uart.o(i.HAL_UART_Receive_IT)
    i.HAL_UART_RxCpltCallback                0x08002398   Section        0  main.o(i.HAL_UART_RxCpltCallback)
    i.HAL_UART_TxCpltCallback                0x080023f4   Section        0  stm32f4xx_hal_uart.o(i.HAL_UART_TxCpltCallback)
    i.HardFault_Handler                      0x080023f6   Section        0  stm32f4xx_it.o(i.HardFault_Handler)
    i.I2C_IsAcknowledgeFailed                0x080023f8   Section        0  stm32f4xx_hal_i2c.o(i.I2C_IsAcknowledgeFailed)
    I2C_IsAcknowledgeFailed                  0x080023f9   Thumb Code    40  stm32f4xx_hal_i2c.o(i.I2C_IsAcknowledgeFailed)
    i.I2C_MasterRequestWrite                 0x08002420   Section        0  stm32f4xx_hal_i2c.o(i.I2C_MasterRequestWrite)
    I2C_MasterRequestWrite                   0x08002421   Thumb Code   142  stm32f4xx_hal_i2c.o(i.I2C_MasterRequestWrite)
    i.I2C_WaitOnBTFFlagUntilTimeout          0x080024b4   Section        0  stm32f4xx_hal_i2c.o(i.I2C_WaitOnBTFFlagUntilTimeout)
    I2C_WaitOnBTFFlagUntilTimeout            0x080024b5   Thumb Code    78  stm32f4xx_hal_i2c.o(i.I2C_WaitOnBTFFlagUntilTimeout)
    i.I2C_WaitOnFlagUntilTimeout             0x08002502   Section        0  stm32f4xx_hal_i2c.o(i.I2C_WaitOnFlagUntilTimeout)
    I2C_WaitOnFlagUntilTimeout               0x08002503   Thumb Code    96  stm32f4xx_hal_i2c.o(i.I2C_WaitOnFlagUntilTimeout)
    i.I2C_WaitOnMasterAddressFlagUntilTimeout 0x08002564   Section        0  stm32f4xx_hal_i2c.o(i.I2C_WaitOnMasterAddressFlagUntilTimeout)
    I2C_WaitOnMasterAddressFlagUntilTimeout  0x08002565   Thumb Code   136  stm32f4xx_hal_i2c.o(i.I2C_WaitOnMasterAddressFlagUntilTimeout)
    i.I2C_WaitOnTXEFlagUntilTimeout          0x080025ec   Section        0  stm32f4xx_hal_i2c.o(i.I2C_WaitOnTXEFlagUntilTimeout)
    I2C_WaitOnTXEFlagUntilTimeout            0x080025ed   Thumb Code    78  stm32f4xx_hal_i2c.o(i.I2C_WaitOnTXEFlagUntilTimeout)
    i.LineSensor                             0x0800263c   Section        0  main.o(i.LineSensor)
    i.MX_ADC1_Init                           0x08002664   Section        0  main.o(i.MX_ADC1_Init)
    MX_ADC1_Init                             0x08002665   Thumb Code   214  main.o(i.MX_ADC1_Init)
    i.MX_ADC3_Init                           0x08002748   Section        0  main.o(i.MX_ADC3_Init)
    MX_ADC3_Init                             0x08002749   Thumb Code    72  main.o(i.MX_ADC3_Init)
    i.MX_GPIO_Init                           0x0800279c   Section        0  main.o(i.MX_GPIO_Init)
    MX_GPIO_Init                             0x0800279d   Thumb Code   416  main.o(i.MX_GPIO_Init)
    i.MX_I2C1_Init                           0x08002954   Section        0  main.o(i.MX_I2C1_Init)
    MX_I2C1_Init                             0x08002955   Thumb Code    44  main.o(i.MX_I2C1_Init)
    i.MX_TIM2_Init                           0x0800298c   Section        0  main.o(i.MX_TIM2_Init)
    MX_TIM2_Init                             0x0800298d   Thumb Code    76  main.o(i.MX_TIM2_Init)
    i.MX_TIM3_Init                           0x080029dc   Section        0  main.o(i.MX_TIM3_Init)
    MX_TIM3_Init                             0x080029dd   Thumb Code   154  main.o(i.MX_TIM3_Init)
    i.MemManage_Handler                      0x08002a80   Section        0  stm32f4xx_it.o(i.MemManage_Handler)
    i.NMI_Handler                            0x08002a82   Section        0  stm32f4xx_it.o(i.NMI_Handler)
    i.NVIC_SetPriority                       0x08002a84   Section        0  stm32f4xx_hal_cortex.o(i.NVIC_SetPriority)
    NVIC_SetPriority                         0x08002a85   Thumb Code    32  stm32f4xx_hal_cortex.o(i.NVIC_SetPriority)
    i.PID                                    0x08002aa4   Section        0  main.o(i.PID)
    i.PendSV_Handler                         0x08002b64   Section        0  stm32f4xx_it.o(i.PendSV_Handler)
    i.SVC_Handler                            0x08002b66   Section        0  stm32f4xx_it.o(i.SVC_Handler)
    i.SysTick_Handler                        0x08002b68   Section        0  stm32f4xx_it.o(i.SysTick_Handler)
    i.SystemClock_Config                     0x08002b78   Section        0  main.o(i.SystemClock_Config)
    i.SystemInit                             0x08002c18   Section        0  system_stm32f4xx.o(i.SystemInit)
    i.TIM_Base_SetConfig                     0x08002c6c   Section        0  stm32f4xx_hal_tim.o(i.TIM_Base_SetConfig)
    i.TIM_CCxChannelCmd                      0x08002d2c   Section        0  stm32f4xx_hal_tim.o(i.TIM_CCxChannelCmd)
    i.TIM_ETR_SetConfig                      0x08002d42   Section        0  stm32f4xx_hal_tim.o(i.TIM_ETR_SetConfig)
    TIM_ETR_SetConfig                        0x08002d43   Thumb Code    20  stm32f4xx_hal_tim.o(i.TIM_ETR_SetConfig)
    i.TIM_ITRx_SetConfig                     0x08002d56   Section        0  stm32f4xx_hal_tim.o(i.TIM_ITRx_SetConfig)
    TIM_ITRx_SetConfig                       0x08002d57   Thumb Code    16  stm32f4xx_hal_tim.o(i.TIM_ITRx_SetConfig)
    i.TIM_OC1_SetConfig                      0x08002d68   Section        0  stm32f4xx_hal_tim.o(i.TIM_OC1_SetConfig)
    TIM_OC1_SetConfig                        0x08002d69   Thumb Code    80  stm32f4xx_hal_tim.o(i.TIM_OC1_SetConfig)
    i.TIM_OC2_SetConfig                      0x08002dc0   Section        0  stm32f4xx_hal_tim.o(i.TIM_OC2_SetConfig)
    i.TIM_OC3_SetConfig                      0x08002e24   Section        0  stm32f4xx_hal_tim.o(i.TIM_OC3_SetConfig)
    TIM_OC3_SetConfig                        0x08002e25   Thumb Code    88  stm32f4xx_hal_tim.o(i.TIM_OC3_SetConfig)
    i.TIM_OC4_SetConfig                      0x08002e84   Section        0  stm32f4xx_hal_tim.o(i.TIM_OC4_SetConfig)
    TIM_OC4_SetConfig                        0x08002e85   Thumb Code    70  stm32f4xx_hal_tim.o(i.TIM_OC4_SetConfig)
    i.TIM_TI1_ConfigInputStage               0x08002ed4   Section        0  stm32f4xx_hal_tim.o(i.TIM_TI1_ConfigInputStage)
    TIM_TI1_ConfigInputStage                 0x08002ed5   Thumb Code    34  stm32f4xx_hal_tim.o(i.TIM_TI1_ConfigInputStage)
    i.TIM_TI2_ConfigInputStage               0x08002ef6   Section        0  stm32f4xx_hal_tim.o(i.TIM_TI2_ConfigInputStage)
    TIM_TI2_ConfigInputStage                 0x08002ef7   Thumb Code    36  stm32f4xx_hal_tim.o(i.TIM_TI2_ConfigInputStage)
    i.UART4_IRQHandler                       0x08002f1c   Section        0  stm32f4xx_it.o(i.UART4_IRQHandler)
    i.UART_DMAAbortOnError                   0x08002f28   Section        0  stm32f4xx_hal_uart.o(i.UART_DMAAbortOnError)
    UART_DMAAbortOnError                     0x08002f29   Thumb Code    16  stm32f4xx_hal_uart.o(i.UART_DMAAbortOnError)
    i.UART_DMARxOnlyAbortCallback            0x08002f38   Section        0  stm32f4xx_hal_uart.o(i.UART_DMARxOnlyAbortCallback)
    UART_DMARxOnlyAbortCallback              0x08002f39   Thumb Code    20  stm32f4xx_hal_uart.o(i.UART_DMARxOnlyAbortCallback)
    i.UART_EndRxTransfer                     0x08002f4c   Section        0  stm32f4xx_hal_uart.o(i.UART_EndRxTransfer)
    UART_EndRxTransfer                       0x08002f4d   Thumb Code    28  stm32f4xx_hal_uart.o(i.UART_EndRxTransfer)
    i.UART_Receive_IT                        0x08002f68   Section        0  stm32f4xx_hal_uart.o(i.UART_Receive_IT)
    UART_Receive_IT                          0x08002f69   Thumb Code   140  stm32f4xx_hal_uart.o(i.UART_Receive_IT)
    i.UART_SetConfig                         0x08002ff4   Section        0  stm32f4xx_hal_uart.o(i.UART_SetConfig)
    UART_SetConfig                           0x08002ff5   Thumb Code   676  stm32f4xx_hal_uart.o(i.UART_SetConfig)
    i.UART_Transmit_IT                       0x080032a0   Section        0  stm32f4xx_hal_uart.o(i.UART_Transmit_IT)
    UART_Transmit_IT                         0x080032a1   Thumb Code    98  stm32f4xx_hal_uart.o(i.UART_Transmit_IT)
    i.UART_WaitOnFlagUntilTimeout            0x08003302   Section        0  stm32f4xx_hal_uart.o(i.UART_WaitOnFlagUntilTimeout)
    UART_WaitOnFlagUntilTimeout              0x08003303   Thumb Code   100  stm32f4xx_hal_uart.o(i.UART_WaitOnFlagUntilTimeout)
    i.UsageFault_Handler                     0x08003366   Section        0  stm32f4xx_it.o(i.UsageFault_Handler)
    i._Error_Handler                         0x08003368   Section        0  main.o(i._Error_Handler)
    i.__0sprintf$1                           0x0800336c   Section        0  printf1.o(i.__0sprintf$1)
    i.__aeabi_errno_addr                     0x08003394   Section        0  errno.o(i.__aeabi_errno_addr)
    i.__scatterload_copy                     0x0800339c   Section       14  handlers.o(i.__scatterload_copy)
    i.__scatterload_null                     0x080033aa   Section        2  handlers.o(i.__scatterload_null)
    i.__scatterload_zeroinit                 0x080033ac   Section       14  handlers.o(i.__scatterload_zeroinit)
    i._printf_core                           0x080033bc   Section        0  printf1.o(i._printf_core)
    _printf_core                             0x080033bd   Thumb Code   336  printf1.o(i._printf_core)
    i._sputc                                 0x08003510   Section        0  printf1.o(i._sputc)
    _sputc                                   0x08003511   Thumb Code    10  printf1.o(i._sputc)
    i.lcd_clear_display                      0x0800351a   Section        0  i2c-lcd.o(i.lcd_clear_display)
    i.lcd_goto_XY                            0x08003520   Section        0  i2c-lcd.o(i.lcd_goto_XY)
    i.lcd_init                               0x08003536   Section        0  i2c-lcd.o(i.lcd_init)
    i.lcd_send_cmd                           0x08003590   Section        0  i2c-lcd.o(i.lcd_send_cmd)
    i.lcd_send_data                          0x080035d0   Section        0  i2c-lcd.o(i.lcd_send_data)
    i.lcd_send_string                        0x08003610   Section        0  i2c-lcd.o(i.lcd_send_string)
    i.main                                   0x08003624   Section        0  main.o(i.main)
    i.motorLeftBackward                      0x08003e58   Section        0  motor.o(i.motorLeftBackward)
    i.motorLeftForward                       0x08003e98   Section        0  motor.o(i.motorLeftForward)
    .constdata                               0x08003ed8   Section        8  stm32f4xx_hal_dma.o(.constdata)
    flagBitshiftOffset                       0x08003ed8   Data           8  stm32f4xx_hal_dma.o(.constdata)
    .constdata                               0x08003ee0   Section       16  system_stm32f4xx.o(.constdata)
    .constdata                               0x08003ef0   Section        8  system_stm32f4xx.o(.constdata)
    .constdata                               0x08003ef8   Section      129  ctype_o.o(.constdata)
    .constdata                               0x08003f7c   Section        4  ctype_o.o(.constdata)
    table                                    0x08003f7c   Data           4  ctype_o.o(.constdata)
    .data                                    0x20000000   Section        4  stm32f4xx_hal.o(.data)
    .data                                    0x20000004   Section       40  main.o(.data)
    .data                                    0x2000002c   Section        4  system_stm32f4xx.o(.data)
    .data                                    0x20000030   Section        4  errno.o(.data)
    _errno                                   0x20000030   Data           4  errno.o(.data)
    .bss                                     0x20000034   Section      646  main.o(.bss)
    .bss                                     0x200002bc   Section       96  main.o(.bss)
    STACK                                    0x20000320   Section     1024  startup_stm32f407xx.o(STACK)

    Global Symbols

    Symbol Name                              Value     Ov Type        Size  Object(Section)

    BuildAttributes$$THM_ISAv4$E$P$D$K$B$S$7EM$VFPi3$EXTD16$VFPS$VFMA$PE$A:L22UL41UL21$X:L11$S22US41US21$IEEE1$IW$USESV6$~STKCKD$USESV7$~SHL$OSPACE$ROPI$EBA8$MICROLIB$REQ8$PRES8$EABIv2 0x00000000   Number         0  anon$$obj.o ABSOLUTE
    __ARM_use_no_argv                        0x00000000   Number         0  main.o ABSOLUTE
    _printf_a                                0x00000000   Number         0  stubs.o ABSOLUTE
    _printf_c                                0x00000000   Number         0  stubs.o ABSOLUTE
    _printf_charcount                        0x00000000   Number         0  stubs.o ABSOLUTE
    _printf_d                                0x00000000   Number         0  stubs.o ABSOLUTE
    _printf_e                                0x00000000   Number         0  stubs.o ABSOLUTE
    _printf_f                                0x00000000   Number         0  stubs.o ABSOLUTE
    _printf_flags                            0x00000000   Number         0  stubs.o ABSOLUTE
    _printf_fp_dec                           0x00000000   Number         0  stubs.o ABSOLUTE
    _printf_fp_hex                           0x00000000   Number         0  stubs.o ABSOLUTE
    _printf_g                                0x00000000   Number         0  stubs.o ABSOLUTE
    _printf_i                                0x00000000   Number         0  stubs.o ABSOLUTE
    _printf_int_dec                          0x00000000   Number         0  stubs.o ABSOLUTE
    _printf_l                                0x00000000   Number         0  stubs.o ABSOLUTE
    _printf_lc                               0x00000000   Number         0  stubs.o ABSOLUTE
    _printf_ll                               0x00000000   Number         0  stubs.o ABSOLUTE
    _printf_lld                              0x00000000   Number         0  stubs.o ABSOLUTE
    _printf_lli                              0x00000000   Number         0  stubs.o ABSOLUTE
    _printf_llo                              0x00000000   Number         0  stubs.o ABSOLUTE
    _printf_llu                              0x00000000   Number         0  stubs.o ABSOLUTE
    _printf_llx                              0x00000000   Number         0  stubs.o ABSOLUTE
    _printf_longlong_dec                     0x00000000   Number         0  stubs.o ABSOLUTE
    _printf_longlong_hex                     0x00000000   Number         0  stubs.o ABSOLUTE
    _printf_longlong_oct                     0x00000000   Number         0  stubs.o ABSOLUTE
    _printf_ls                               0x00000000   Number         0  stubs.o ABSOLUTE
    _printf_mbtowc                           0x00000000   Number         0  stubs.o ABSOLUTE
    _printf_n                                0x00000000   Number         0  stubs.o ABSOLUTE
    _printf_o                                0x00000000   Number         0  stubs.o ABSOLUTE
    _printf_p                                0x00000000   Number         0  stubs.o ABSOLUTE
    _printf_percent                          0x00000000   Number         0  stubs.o ABSOLUTE
    _printf_pre_padding                      0x00000000   Number         0  stubs.o ABSOLUTE
    _printf_return_value                     0x00000000   Number         0  stubs.o ABSOLUTE
    _printf_s                                0x00000000   Number         0  stubs.o ABSOLUTE
    _printf_sizespec                         0x00000000   Number         0  stubs.o ABSOLUTE
    _printf_str                              0x00000000   Number         0  stubs.o ABSOLUTE
    _printf_truncate_signed                  0x00000000   Number         0  stubs.o ABSOLUTE
    _printf_truncate_unsigned                0x00000000   Number         0  stubs.o ABSOLUTE
    _printf_u                                0x00000000   Number         0  stubs.o ABSOLUTE
    _printf_wc                               0x00000000   Number         0  stubs.o ABSOLUTE
    _printf_wctomb                           0x00000000   Number         0  stubs.o ABSOLUTE
    _printf_widthprec                        0x00000000   Number         0  stubs.o ABSOLUTE
    _printf_x                                0x00000000   Number         0  stubs.o ABSOLUTE
    __cpp_initialize__aeabi_                  - Undefined Weak Reference
    __cxa_finalize                            - Undefined Weak Reference
    __decompress                              - Undefined Weak Reference
    _clock_init                               - Undefined Weak Reference
    _microlib_exit                            - Undefined Weak Reference
    __Vectors_Size                           0x00000188   Number         0  startup_stm32f407xx.o ABSOLUTE
    __Vectors                                0x08000000   Data           4  startup_stm32f407xx.o(RESET)
    __Vectors_End                            0x08000188   Data           0  startup_stm32f407xx.o(RESET)
    __main                                   0x08000189   Thumb Code     0  entry.o(.ARM.Collect$$$$00000000)
    _main_stk                                0x08000189   Thumb Code     0  entry2.o(.ARM.Collect$$$$00000001)
    _main_scatterload                        0x0800018d   Thumb Code     0  entry5.o(.ARM.Collect$$$$00000004)
    __main_after_scatterload                 0x08000191   Thumb Code     0  entry5.o(.ARM.Collect$$$$00000004)
    _main_clock                              0x08000191   Thumb Code     0  entry7b.o(.ARM.Collect$$$$00000008)
    _main_cpp_init                           0x08000191   Thumb Code     0  entry8b.o(.ARM.Collect$$$$0000000A)
    _main_init                               0x08000191   Thumb Code     0  entry9a.o(.ARM.Collect$$$$0000000B)
    __rt_final_cpp                           0x08000199   Thumb Code     0  entry10a.o(.ARM.Collect$$$$0000000D)
    __rt_final_exit                          0x08000199   Thumb Code     0  entry11a.o(.ARM.Collect$$$$0000000F)
    Reset_Handler                            0x0800019d   Thumb Code     8  startup_stm32f407xx.o(.text)
    CAN1_RX0_IRQHandler                      0x080001b7   Thumb Code     0  startup_stm32f407xx.o(.text)
    CAN1_RX1_IRQHandler                      0x080001b7   Thumb Code     0  startup_stm32f407xx.o(.text)
    CAN1_SCE_IRQHandler                      0x080001b7   Thumb Code     0  startup_stm32f407xx.o(.text)
    CAN1_TX_IRQHandler                       0x080001b7   Thumb Code     0  startup_stm32f407xx.o(.text)
    CAN2_RX0_IRQHandler                      0x080001b7   Thumb Code     0  startup_stm32f407xx.o(.text)
    CAN2_RX1_IRQHandler                      0x080001b7   Thumb Code     0  startup_stm32f407xx.o(.text)
    CAN2_SCE_IRQHandler                      0x080001b7   Thumb Code     0  startup_stm32f407xx.o(.text)
    CAN2_TX_IRQHandler                       0x080001b7   Thumb Code     0  startup_stm32f407xx.o(.text)
    DCMI_IRQHandler                          0x080001b7   Thumb Code     0  startup_stm32f407xx.o(.text)
    DMA1_Stream0_IRQHandler                  0x080001b7   Thumb Code     0  startup_stm32f407xx.o(.text)
    DMA1_Stream1_IRQHandler                  0x080001b7   Thumb Code     0  startup_stm32f407xx.o(.text)
    DMA1_Stream2_IRQHandler                  0x080001b7   Thumb Code     0  startup_stm32f407xx.o(.text)
    DMA1_Stream3_IRQHandler                  0x080001b7   Thumb Code     0  startup_stm32f407xx.o(.text)
    DMA1_Stream4_IRQHandler                  0x080001b7   Thumb Code     0  startup_stm32f407xx.o(.text)
    DMA1_Stream5_IRQHandler                  0x080001b7   Thumb Code     0  startup_stm32f407xx.o(.text)
    DMA1_Stream6_IRQHandler                  0x080001b7   Thumb Code     0  startup_stm32f407xx.o(.text)
    DMA1_Stream7_IRQHandler                  0x080001b7   Thumb Code     0  startup_stm32f407xx.o(.text)
    DMA2_Stream1_IRQHandler                  0x080001b7   Thumb Code     0  startup_stm32f407xx.o(.text)
    DMA2_Stream2_IRQHandler                  0x080001b7   Thumb Code     0  startup_stm32f407xx.o(.text)
    DMA2_Stream3_IRQHandler                  0x080001b7   Thumb Code     0  startup_stm32f407xx.o(.text)
    DMA2_Stream4_IRQHandler                  0x080001b7   Thumb Code     0  startup_stm32f407xx.o(.text)
    DMA2_Stream5_IRQHandler                  0x080001b7   Thumb Code     0  startup_stm32f407xx.o(.text)
    DMA2_Stream6_IRQHandler                  0x080001b7   Thumb Code     0  startup_stm32f407xx.o(.text)
    DMA2_Stream7_IRQHandler                  0x080001b7   Thumb Code     0  startup_stm32f407xx.o(.text)
    ETH_IRQHandler                           0x080001b7   Thumb Code     0  startup_stm32f407xx.o(.text)
    ETH_WKUP_IRQHandler                      0x080001b7   Thumb Code     0  startup_stm32f407xx.o(.text)
    EXTI9_5_IRQHandler                       0x080001b7   Thumb Code     0  startup_stm32f407xx.o(.text)
    FLASH_IRQHandler                         0x080001b7   Thumb Code     0  startup_stm32f407xx.o(.text)
    FMC_IRQHandler                           0x080001b7   Thumb Code     0  startup_stm32f407xx.o(.text)
    FPU_IRQHandler                           0x080001b7   Thumb Code     0  startup_stm32f407xx.o(.text)
    HASH_RNG_IRQHandler                      0x080001b7   Thumb Code     0  startup_stm32f407xx.o(.text)
    I2C1_ER_IRQHandler                       0x080001b7   Thumb Code     0  startup_stm32f407xx.o(.text)
    I2C1_EV_IRQHandler                       0x080001b7   Thumb Code     0  startup_stm32f407xx.o(.text)
    I2C2_ER_IRQHandler                       0x080001b7   Thumb Code     0  startup_stm32f407xx.o(.text)
    I2C2_EV_IRQHandler                       0x080001b7   Thumb Code     0  startup_stm32f407xx.o(.text)
    I2C3_ER_IRQHandler                       0x080001b7   Thumb Code     0  startup_stm32f407xx.o(.text)
    I2C3_EV_IRQHandler                       0x080001b7   Thumb Code     0  startup_stm32f407xx.o(.text)
    OTG_FS_IRQHandler                        0x080001b7   Thumb Code     0  startup_stm32f407xx.o(.text)
    OTG_FS_WKUP_IRQHandler                   0x080001b7   Thumb Code     0  startup_stm32f407xx.o(.text)
    OTG_HS_EP1_IN_IRQHandler                 0x080001b7   Thumb Code     0  startup_stm32f407xx.o(.text)
    OTG_HS_EP1_OUT_IRQHandler                0x080001b7   Thumb Code     0  startup_stm32f407xx.o(.text)
    OTG_HS_IRQHandler                        0x080001b7   Thumb Code     0  startup_stm32f407xx.o(.text)
    OTG_HS_WKUP_IRQHandler                   0x080001b7   Thumb Code     0  startup_stm32f407xx.o(.text)
    PVD_IRQHandler                           0x080001b7   Thumb Code     0  startup_stm32f407xx.o(.text)
    RCC_IRQHandler                           0x080001b7   Thumb Code     0  startup_stm32f407xx.o(.text)
    RTC_Alarm_IRQHandler                     0x080001b7   Thumb Code     0  startup_stm32f407xx.o(.text)
    RTC_WKUP_IRQHandler                      0x080001b7   Thumb Code     0  startup_stm32f407xx.o(.text)
    SDIO_IRQHandler                          0x080001b7   Thumb Code     0  startup_stm32f407xx.o(.text)
    SPI1_IRQHandler                          0x080001b7   Thumb Code     0  startup_stm32f407xx.o(.text)
    SPI2_IRQHandler                          0x080001b7   Thumb Code     0  startup_stm32f407xx.o(.text)
    SPI3_IRQHandler                          0x080001b7   Thumb Code     0  startup_stm32f407xx.o(.text)
    TAMP_STAMP_IRQHandler                    0x080001b7   Thumb Code     0  startup_stm32f407xx.o(.text)
    TIM1_BRK_TIM9_IRQHandler                 0x080001b7   Thumb Code     0  startup_stm32f407xx.o(.text)
    TIM1_CC_IRQHandler                       0x080001b7   Thumb Code     0  startup_stm32f407xx.o(.text)
    TIM1_TRG_COM_TIM11_IRQHandler            0x080001b7   Thumb Code     0  startup_stm32f407xx.o(.text)
    TIM1_UP_TIM10_IRQHandler                 0x080001b7   Thumb Code     0  startup_stm32f407xx.o(.text)
    TIM2_IRQHandler                          0x080001b7   Thumb Code     0  startup_stm32f407xx.o(.text)
    TIM3_IRQHandler                          0x080001b7   Thumb Code     0  startup_stm32f407xx.o(.text)
    TIM4_IRQHandler                          0x080001b7   Thumb Code     0  startup_stm32f407xx.o(.text)
    TIM5_IRQHandler                          0x080001b7   Thumb Code     0  startup_stm32f407xx.o(.text)
    TIM6_DAC_IRQHandler                      0x080001b7   Thumb Code     0  startup_stm32f407xx.o(.text)
    TIM7_IRQHandler                          0x080001b7   Thumb Code     0  startup_stm32f407xx.o(.text)
    TIM8_BRK_TIM12_IRQHandler                0x080001b7   Thumb Code     0  startup_stm32f407xx.o(.text)
    TIM8_CC_IRQHandler                       0x080001b7   Thumb Code     0  startup_stm32f407xx.o(.text)
    TIM8_TRG_COM_TIM14_IRQHandler            0x080001b7   Thumb Code     0  startup_stm32f407xx.o(.text)
    TIM8_UP_TIM13_IRQHandler                 0x080001b7   Thumb Code     0  startup_stm32f407xx.o(.text)
    UART5_IRQHandler                         0x080001b7   Thumb Code     0  startup_stm32f407xx.o(.text)
    USART1_IRQHandler                        0x080001b7   Thumb Code     0  startup_stm32f407xx.o(.text)
    USART2_IRQHandler                        0x080001b7   Thumb Code     0  startup_stm32f407xx.o(.text)
    USART3_IRQHandler                        0x080001b7   Thumb Code     0  startup_stm32f407xx.o(.text)
    USART6_IRQHandler                        0x080001b7   Thumb Code     0  startup_stm32f407xx.o(.text)
    WWDG_IRQHandler                          0x080001b7   Thumb Code     0  startup_stm32f407xx.o(.text)
    __aeabi_uldivmod                         0x080001c1   Thumb Code    98  uldiv.o(.text)
    atoi                                     0x08000223   Thumb Code    26  atoi.o(.text)
    __aeabi_uidiv                            0x0800023d   Thumb Code     0  uidiv.o(.text)
    __aeabi_uidivmod                         0x0800023d   Thumb Code    44  uidiv.o(.text)
    __aeabi_llsl                             0x08000269   Thumb Code    30  llshl.o(.text)
    _ll_shift_l                              0x08000269   Thumb Code     0  llshl.o(.text)
    __aeabi_llsr                             0x08000287   Thumb Code    32  llushr.o(.text)
    _ll_ushift_r                             0x08000287   Thumb Code     0  llushr.o(.text)
    strtol                                   0x080002a7   Thumb Code   112  strtol.o(.text)
    __scatterload                            0x08000319   Thumb Code    28  init.o(.text)
    __scatterload_rt2                        0x08000319   Thumb Code     0  init.o(.text)
    __rt_ctype_table                         0x0800033d   Thumb Code     4  ctype_o.o(.text)
    _strtoul                                 0x08000345   Thumb Code   158  _strtoul.o(.text)
    _chval                                   0x080003e3   Thumb Code    28  _chval.o(.text)
    ADC_IRQHandler                           0x08000481   Thumb Code    18  stm32f4xx_it.o(i.ADC_IRQHandler)
    BusFault_Handler                         0x080005c1   Thumb Code     2  stm32f4xx_it.o(i.BusFault_Handler)
    DMA2_Stream0_IRQHandler                  0x080005c5   Thumb Code     6  stm32f4xx_it.o(i.DMA2_Stream0_IRQHandler)
    DebugMon_Handler                         0x08000675   Thumb Code     2  stm32f4xx_it.o(i.DebugMon_Handler)
    EXTI0_IRQHandler                         0x08000677   Thumb Code     6  stm32f4xx_it.o(i.EXTI0_IRQHandler)
    EXTI15_10_IRQHandler                     0x0800067d   Thumb Code     8  stm32f4xx_it.o(i.EXTI15_10_IRQHandler)
    EXTI1_IRQHandler                         0x08000685   Thumb Code     6  stm32f4xx_it.o(i.EXTI1_IRQHandler)
    EXTI2_IRQHandler                         0x0800068b   Thumb Code     6  stm32f4xx_it.o(i.EXTI2_IRQHandler)
    EXTI3_IRQHandler                         0x08000691   Thumb Code     6  stm32f4xx_it.o(i.EXTI3_IRQHandler)
    EXTI4_IRQHandler                         0x08000697   Thumb Code     6  stm32f4xx_it.o(i.EXTI4_IRQHandler)
    HAL_ADCEx_InjectedConvCpltCallback       0x0800069d   Thumb Code     2  stm32f4xx_hal_adc_ex.o(i.HAL_ADCEx_InjectedConvCpltCallback)
    HAL_ADC_ConfigChannel                    0x080006a1   Thumb Code   316  stm32f4xx_hal_adc.o(i.HAL_ADC_ConfigChannel)
    HAL_ADC_ConvCpltCallback                 0x080007ed   Thumb Code    42  main.o(i.HAL_ADC_ConvCpltCallback)
    HAL_ADC_ConvHalfCpltCallback             0x08000821   Thumb Code     2  stm32f4xx_hal_adc.o(i.HAL_ADC_ConvHalfCpltCallback)
    HAL_ADC_ErrorCallback                    0x08000823   Thumb Code     2  stm32f4xx_hal_adc.o(i.HAL_ADC_ErrorCallback)
    HAL_ADC_GetValue                         0x08000825   Thumb Code     6  stm32f4xx_hal_adc.o(i.HAL_ADC_GetValue)
    HAL_ADC_IRQHandler                       0x0800082b   Thumb Code   316  stm32f4xx_hal_adc.o(i.HAL_ADC_IRQHandler)
    HAL_ADC_Init                             0x08000967   Thumb Code    84  stm32f4xx_hal_adc.o(i.HAL_ADC_Init)
    HAL_ADC_LevelOutOfWindowCallback         0x080009bb   Thumb Code     2  stm32f4xx_hal_adc.o(i.HAL_ADC_LevelOutOfWindowCallback)
    HAL_ADC_MspInit                          0x080009bd   Thumb Code   176  stm32f4xx_hal_msp.o(i.HAL_ADC_MspInit)
    HAL_ADC_Start_DMA                        0x08000aa9   Thumb Code   228  stm32f4xx_hal_adc.o(i.HAL_ADC_Start_DMA)
    HAL_ADC_Start_IT                         0x08000ba9   Thumb Code   180  stm32f4xx_hal_adc.o(i.HAL_ADC_Start_IT)
    HAL_ADC_Stop_DMA                         0x08000c71   Thumb Code    88  stm32f4xx_hal_adc.o(i.HAL_ADC_Stop_DMA)
    HAL_ADC_Stop_IT                          0x08000cc9   Thumb Code    68  stm32f4xx_hal_adc.o(i.HAL_ADC_Stop_IT)
    HAL_DMA_Abort                            0x08000d11   Thumb Code   142  stm32f4xx_hal_dma.o(i.HAL_DMA_Abort)
    HAL_DMA_Abort_IT                         0x08000d9f   Thumb Code    36  stm32f4xx_hal_dma.o(i.HAL_DMA_Abort_IT)
    HAL_DMA_IRQHandler                       0x08000dc5   Thumb Code   412  stm32f4xx_hal_dma.o(i.HAL_DMA_IRQHandler)
    HAL_DMA_Init                             0x08000f65   Thumb Code   206  stm32f4xx_hal_dma.o(i.HAL_DMA_Init)
    HAL_DMA_Start_IT                         0x08001039   Thumb Code   120  stm32f4xx_hal_dma.o(i.HAL_DMA_Start_IT)
    HAL_Delay                                0x080010b1   Thumb Code    28  stm32f4xx_hal.o(i.HAL_Delay)
    HAL_GPIO_EXTI_Callback                   0x080010cd   Thumb Code   220  main.o(i.HAL_GPIO_EXTI_Callback)
    HAL_GPIO_EXTI_IRQHandler                 0x080011f5   Thumb Code    18  stm32f4xx_hal_gpio.o(i.HAL_GPIO_EXTI_IRQHandler)
    HAL_GPIO_Init                            0x0800120d   Thumb Code   388  stm32f4xx_hal_gpio.o(i.HAL_GPIO_Init)
    HAL_GPIO_ReadPin                         0x080013bd   Thumb Code    10  stm32f4xx_hal_gpio.o(i.HAL_GPIO_ReadPin)
    HAL_GPIO_TogglePin                       0x080013c7   Thumb Code     8  stm32f4xx_hal_gpio.o(i.HAL_GPIO_TogglePin)
    HAL_GPIO_WritePin                        0x080013cf   Thumb Code    10  stm32f4xx_hal_gpio.o(i.HAL_GPIO_WritePin)
    HAL_GetTick                              0x080013d9   Thumb Code     6  stm32f4xx_hal.o(i.HAL_GetTick)
    HAL_I2C_Init                             0x080013e5   Thumb Code   254  stm32f4xx_hal_i2c.o(i.HAL_I2C_Init)
    HAL_I2C_Master_Transmit                  0x080014ed   Thumb Code   304  stm32f4xx_hal_i2c.o(i.HAL_I2C_Master_Transmit)
    HAL_I2C_MspInit                          0x08001625   Thumb Code    62  stm32f4xx_hal_msp.o(i.HAL_I2C_MspInit)
    HAL_IncTick                              0x08001671   Thumb Code    10  stm32f4xx_hal.o(i.HAL_IncTick)
    HAL_Init                                 0x08001681   Thumb Code    48  stm32f4xx_hal.o(i.HAL_Init)
    HAL_InitTick                             0x080016b5   Thumb Code    34  stm32f4xx_hal.o(i.HAL_InitTick)
    HAL_MspInit                              0x080016dd   Thumb Code    88  stm32f4xx_hal_msp.o(i.HAL_MspInit)
    HAL_NVIC_EnableIRQ                       0x08001735   Thumb Code    22  stm32f4xx_hal_cortex.o(i.HAL_NVIC_EnableIRQ)
    HAL_NVIC_SetPriority                     0x0800174d   Thumb Code    60  stm32f4xx_hal_cortex.o(i.HAL_NVIC_SetPriority)
    HAL_NVIC_SetPriorityGrouping             0x0800178d   Thumb Code    26  stm32f4xx_hal_cortex.o(i.HAL_NVIC_SetPriorityGrouping)
    HAL_RCC_ClockConfig                      0x080017b1   Thumb Code   286  stm32f4xx_hal_rcc.o(i.HAL_RCC_ClockConfig)
    HAL_RCC_GetHCLKFreq                      0x080018e1   Thumb Code     6  stm32f4xx_hal_rcc.o(i.HAL_RCC_GetHCLKFreq)
    HAL_RCC_GetPCLK1Freq                     0x080018ed   Thumb Code    20  stm32f4xx_hal_rcc.o(i.HAL_RCC_GetPCLK1Freq)
    HAL_RCC_GetPCLK2Freq                     0x0800190d   Thumb Code    20  stm32f4xx_hal_rcc.o(i.HAL_RCC_GetPCLK2Freq)
    HAL_RCC_GetSysClockFreq                  0x0800192d   Thumb Code    88  stm32f4xx_hal_rcc.o(i.HAL_RCC_GetSysClockFreq)
    HAL_RCC_OscConfig                        0x08001991   Thumb Code   730  stm32f4xx_hal_rcc.o(i.HAL_RCC_OscConfig)
    HAL_SYSTICK_CLKSourceConfig              0x08001c81   Thumb Code    24  stm32f4xx_hal_cortex.o(i.HAL_SYSTICK_CLKSourceConfig)
    HAL_SYSTICK_Callback                     0x08001c99   Thumb Code     2  stm32f4xx_hal_cortex.o(i.HAL_SYSTICK_Callback)
    HAL_SYSTICK_Config                       0x08001c9b   Thumb Code    40  stm32f4xx_hal_cortex.o(i.HAL_SYSTICK_Config)
    HAL_SYSTICK_IRQHandler                   0x08001cc3   Thumb Code     8  stm32f4xx_hal_cortex.o(i.HAL_SYSTICK_IRQHandler)
    HAL_TIMEx_MasterConfigSynchronization    0x08001ccb   Thumb Code    80  stm32f4xx_hal_tim_ex.o(i.HAL_TIMEx_MasterConfigSynchronization)
    HAL_TIM_Base_Init                        0x08001d1b   Thumb Code    54  stm32f4xx_hal_tim.o(i.HAL_TIM_Base_Init)
    HAL_TIM_Base_MspInit                     0x08001d51   Thumb Code    52  stm32f4xx_hal_msp.o(i.HAL_TIM_Base_MspInit)
    HAL_TIM_ConfigClockSource                0x08001d8d   Thumb Code   242  stm32f4xx_hal_tim.o(i.HAL_TIM_ConfigClockSource)
    HAL_TIM_MspPostInit                      0x08001e81   Thumb Code    58  stm32f4xx_hal_msp.o(i.HAL_TIM_MspPostInit)
    HAL_TIM_PWM_ConfigChannel                0x08001ec9   Thumb Code   208  stm32f4xx_hal_tim.o(i.HAL_TIM_PWM_ConfigChannel)
    HAL_TIM_PWM_Init                         0x08001f99   Thumb Code    54  stm32f4xx_hal_tim.o(i.HAL_TIM_PWM_Init)
    HAL_TIM_PWM_MspInit                      0x08001fcf   Thumb Code     2  stm32f4xx_hal_tim.o(i.HAL_TIM_PWM_MspInit)
    HAL_TIM_PWM_Start                        0x08001fd1   Thumb Code    48  stm32f4xx_hal_tim.o(i.HAL_TIM_PWM_Start)
    HAL_TIM_PWM_Stop                         0x08002009   Thumb Code    84  stm32f4xx_hal_tim.o(i.HAL_TIM_PWM_Stop)
    HAL_UART_AbortReceiveCpltCallback        0x08002065   Thumb Code     2  stm32f4xx_hal_uart.o(i.HAL_UART_AbortReceiveCpltCallback)
    HAL_UART_AbortReceive_IT                 0x08002069   Thumb Code    88  stm32f4xx_hal_uart.o(i.HAL_UART_AbortReceive_IT)
    HAL_UART_ErrorCallback                   0x080020c5   Thumb Code     2  stm32f4xx_hal_uart.o(i.HAL_UART_ErrorCallback)
    HAL_UART_IRQHandler                      0x080020c9   Thumb Code   266  stm32f4xx_hal_uart.o(i.HAL_UART_IRQHandler)
    HAL_UART_Init                            0x080021d9   Thumb Code    98  stm32f4xx_hal_uart.o(i.HAL_UART_Init)
    HAL_UART_MspInit                         0x0800223d   Thumb Code    80  stm32f4xx_hal_msp.o(i.HAL_UART_MspInit)
    HAL_UART_Receive                         0x08002299   Thumb Code   184  stm32f4xx_hal_uart.o(i.HAL_UART_Receive)
    HAL_UART_Receive_IT                      0x08002351   Thumb Code    72  stm32f4xx_hal_uart.o(i.HAL_UART_Receive_IT)
    HAL_UART_RxCpltCallback                  0x08002399   Thumb Code    76  main.o(i.HAL_UART_RxCpltCallback)
    HAL_UART_TxCpltCallback                  0x080023f5   Thumb Code     2  stm32f4xx_hal_uart.o(i.HAL_UART_TxCpltCallback)
    HardFault_Handler                        0x080023f7   Thumb Code     2  stm32f4xx_it.o(i.HardFault_Handler)
    LineSensor                               0x0800263d   Thumb Code    30  main.o(i.LineSensor)
    MemManage_Handler                        0x08002a81   Thumb Code     2  stm32f4xx_it.o(i.MemManage_Handler)
    NMI_Handler                              0x08002a83   Thumb Code     2  stm32f4xx_it.o(i.NMI_Handler)
    PID                                      0x08002aa5   Thumb Code   184  main.o(i.PID)
    PendSV_Handler                           0x08002b65   Thumb Code     2  stm32f4xx_it.o(i.PendSV_Handler)
    SVC_Handler                              0x08002b67   Thumb Code     2  stm32f4xx_it.o(i.SVC_Handler)
    SysTick_Handler                          0x08002b69   Thumb Code    14  stm32f4xx_it.o(i.SysTick_Handler)
    SystemClock_Config                       0x08002b79   Thumb Code   150  main.o(i.SystemClock_Config)
    SystemInit                               0x08002c19   Thumb Code    66  system_stm32f4xx.o(i.SystemInit)
    TIM_Base_SetConfig                       0x08002c6d   Thumb Code   148  stm32f4xx_hal_tim.o(i.TIM_Base_SetConfig)
    TIM_CCxChannelCmd                        0x08002d2d   Thumb Code    22  stm32f4xx_hal_tim.o(i.TIM_CCxChannelCmd)
    TIM_OC2_SetConfig                        0x08002dc1   Thumb Code    90  stm32f4xx_hal_tim.o(i.TIM_OC2_SetConfig)
    UART4_IRQHandler                         0x08002f1d   Thumb Code     6  stm32f4xx_it.o(i.UART4_IRQHandler)
    UsageFault_Handler                       0x08003367   Thumb Code     2  stm32f4xx_it.o(i.UsageFault_Handler)
    _Error_Handler                           0x08003369   Thumb Code     2  main.o(i._Error_Handler)
    __0sprintf$1                             0x0800336d   Thumb Code    34  printf1.o(i.__0sprintf$1)
    __1sprintf$1                             0x0800336d   Thumb Code     0  printf1.o(i.__0sprintf$1)
    __2sprintf                               0x0800336d   Thumb Code     0  printf1.o(i.__0sprintf$1)
    __aeabi_errno_addr                       0x08003395   Thumb Code     4  errno.o(i.__aeabi_errno_addr)
    __rt_errno_addr                          0x08003395   Thumb Code     0  errno.o(i.__aeabi_errno_addr)
    __scatterload_copy                       0x0800339d   Thumb Code    14  handlers.o(i.__scatterload_copy)
    __scatterload_null                       0x080033ab   Thumb Code     2  handlers.o(i.__scatterload_null)
    __scatterload_zeroinit                   0x080033ad   Thumb Code    14  handlers.o(i.__scatterload_zeroinit)
    lcd_clear_display                        0x0800351b   Thumb Code     6  i2c-lcd.o(i.lcd_clear_display)
    lcd_goto_XY                              0x08003521   Thumb Code    22  i2c-lcd.o(i.lcd_goto_XY)
    lcd_init                                 0x08003537   Thumb Code    90  i2c-lcd.o(i.lcd_init)
    lcd_send_cmd                             0x08003591   Thumb Code    58  i2c-lcd.o(i.lcd_send_cmd)
    lcd_send_data                            0x080035d1   Thumb Code    58  i2c-lcd.o(i.lcd_send_data)
    lcd_send_string                          0x08003611   Thumb Code    20  i2c-lcd.o(i.lcd_send_string)
    main                                     0x08003625   Thumb Code  1800  main.o(i.main)
    motorLeftBackward                        0x08003e59   Thumb Code    60  motor.o(i.motorLeftBackward)
    motorLeftForward                         0x08003e99   Thumb Code    60  motor.o(i.motorLeftForward)
    AHBPrescTable                            0x08003ee0   Data          16  system_stm32f4xx.o(.constdata)
    APBPrescTable                            0x08003ef0   Data           8  system_stm32f4xx.o(.constdata)
    __ctype_table                            0x08003ef8   Data         129  ctype_o.o(.constdata)
    Region$$Table$$Base                      0x08003f80   Number         0  anon$$obj.o(Region$$Table)
    Region$$Table$$Limit                     0x08003fa0   Number         0  anon$$obj.o(Region$$Table)
    uwTick                                   0x20000000   Data           4  stm32f4xx_hal.o(.data)
    start                                    0x20000004   Data           1  main.o(.data)
    a                                        0x20000005   Data           1  main.o(.data)
    local_time                               0x20000006   Data           2  main.o(.data)
    error                                    0x20000008   Data           2  main.o(.data)
    lastError                                0x2000000a   Data           2  main.o(.data)
    totalError                               0x2000000c   Data           2  main.o(.data)
    totalLine                                0x2000000e   Data           2  main.o(.data)
    lineValue                                0x20000010   Data           2  main.o(.data)
    maxLine                                  0x20000012   Data           2  main.o(.data)
    minLine                                  0x20000014   Data           2  main.o(.data)
    speed                                    0x20000016   Data           2  main.o(.data)
    KD                                       0x20000018   Data           2  main.o(.data)
    KI                                       0x2000001a   Data           2  main.o(.data)
    KP                                       0x2000001c   Data           2  main.o(.data)
    adc3                                     0x20000020   Data           4  main.o(.data)
    adjustment                               0x20000024   Data           4  main.o(.data)
    numLine                                  0x20000028   Data           4  main.o(.data)
    SystemCoreClock                          0x2000002c   Data           4  system_stm32f4xx.o(.data)
    hadc1                                    0x20000034   Data          72  main.o(.bss)
    hadc3                                    0x2000007c   Data          72  main.o(.bss)
    hi2c1                                    0x200000c4   Data          84  main.o(.bss)
    htim2                                    0x20000118   Data          60  main.o(.bss)
    htim3                                    0x20000154   Data          60  main.o(.bss)
    huart4                                   0x20000190   Data          64  main.o(.bss)
    adc1                                     0x200001d0   Data          18  main.o(.bss)
    line                                     0x200001e2   Data           9  main.o(.bss)
    max                                      0x200001ec   Data          18  main.o(.bss)
    min                                      0x200001fe   Data          18  main.o(.bss)
    LCD                                      0x20000210   Data          30  main.o(.bss)
    receiver                                 0x2000022e   Data          50  main.o(.bss)
    result                                   0x20000260   Data          10  main.o(.bss)
    lcd                                      0x2000026a   Data          30  main.o(.bss)
    getIP                                    0x20000288   Data          20  main.o(.bss)
    getIPResult                              0x2000029c   Data          20  main.o(.bss)
    resultcpy                                0x200002b0   Data          10  main.o(.bss)
    hdma_adc1                                0x200002bc   Data          96  main.o(.bss)
    __initial_sp                             0x20000720   Data           0  startup_stm32f407xx.o(STACK)



==============================================================================

Memory Map of the image

  Image Entry point : 0x08000189

  Load Region LR_IROM1 (Base: 0x08000000, Size: 0x00003fd4, Max: 0x00080000, ABSOLUTE)

    Execution Region ER_IROM1 (Exec base: 0x08000000, Load base: 0x08000000, Size: 0x00003fa0, Max: 0x00080000, ABSOLUTE)

    Exec Addr    Load Addr    Size         Type   Attr      Idx    E Section Name        Object

    0x08000000   0x08000000   0x00000188   Data   RO         3444    RESET               startup_stm32f407xx.o
    0x08000188   0x08000188   0x00000000   Code   RO         3487  * .ARM.Collect$$$$00000000  mc_w.l(entry.o)
    0x08000188   0x08000188   0x00000004   Code   RO         3755    .ARM.Collect$$$$00000001  mc_w.l(entry2.o)
    0x0800018c   0x0800018c   0x00000004   Code   RO         3758    .ARM.Collect$$$$00000004  mc_w.l(entry5.o)
    0x08000190   0x08000190   0x00000000   Code   RO         3760    .ARM.Collect$$$$00000008  mc_w.l(entry7b.o)
    0x08000190   0x08000190   0x00000000   Code   RO         3762    .ARM.Collect$$$$0000000A  mc_w.l(entry8b.o)
    0x08000190   0x08000190   0x00000008   Code   RO         3763    .ARM.Collect$$$$0000000B  mc_w.l(entry9a.o)
    0x08000198   0x08000198   0x00000000   Code   RO         3765    .ARM.Collect$$$$0000000D  mc_w.l(entry10a.o)
    0x08000198   0x08000198   0x00000000   Code   RO         3767    .ARM.Collect$$$$0000000F  mc_w.l(entry11a.o)
    0x08000198   0x08000198   0x00000004   Code   RO         3756    .ARM.Collect$$$$00002712  mc_w.l(entry2.o)
    0x0800019c   0x0800019c   0x00000024   Code   RO         3445    .text               startup_stm32f407xx.o
    0x080001c0   0x080001c0   0x00000062   Code   RO         3490    .text               mc_w.l(uldiv.o)
    0x08000222   0x08000222   0x0000001a   Code   RO         3753    .text               mc_w.l(atoi.o)
    0x0800023c   0x0800023c   0x0000002c   Code   RO         3772    .text               mc_w.l(uidiv.o)
    0x08000268   0x08000268   0x0000001e   Code   RO         3774    .text               mc_w.l(llshl.o)
    0x08000286   0x08000286   0x00000020   Code   RO         3776    .text               mc_w.l(llushr.o)
    0x080002a6   0x080002a6   0x00000070   Code   RO         3785    .text               mc_w.l(strtol.o)
    0x08000316   0x08000316   0x00000002   PAD
    0x08000318   0x08000318   0x00000024   Code   RO         3798    .text               mc_w.l(init.o)
    0x0800033c   0x0800033c   0x00000008   Code   RO         3803    .text               mc_w.l(ctype_o.o)
    0x08000344   0x08000344   0x0000009e   Code   RO         3831    .text               mc_w.l(_strtoul.o)
    0x080003e2   0x080003e2   0x0000001c   Code   RO         3836    .text               mc_w.l(_chval.o)
    0x080003fe   0x080003fe   0x00000062   Code   RO            4    i.ADC_DMAConvCplt   stm32f4xx_hal_adc.o
    0x08000460   0x08000460   0x00000016   Code   RO            5    i.ADC_DMAError      stm32f4xx_hal_adc.o
    0x08000476   0x08000476   0x0000000a   Code   RO            6    i.ADC_DMAHalfConvCplt  stm32f4xx_hal_adc.o
    0x08000480   0x08000480   0x0000001c   Code   RO         3214    i.ADC_IRQHandler    stm32f4xx_it.o
    0x0800049c   0x0800049c   0x00000124   Code   RO            7    i.ADC_Init          stm32f4xx_hal_adc.o
    0x080005c0   0x080005c0   0x00000002   Code   RO         3215    i.BusFault_Handler  stm32f4xx_it.o
    0x080005c2   0x080005c2   0x00000002   PAD
    0x080005c4   0x080005c4   0x0000000c   Code   RO         3216    i.DMA2_Stream0_IRQHandler  stm32f4xx_it.o
    0x080005d0   0x080005d0   0x00000028   Code   RO          740    i.DMA_CalcBaseAndBitshift  stm32f4xx_hal_dma.o
    0x080005f8   0x080005f8   0x00000054   Code   RO          741    i.DMA_CheckFifoParam  stm32f4xx_hal_dma.o
    0x0800064c   0x0800064c   0x00000028   Code   RO          742    i.DMA_SetConfig     stm32f4xx_hal_dma.o
    0x08000674   0x08000674   0x00000002   Code   RO         3217    i.DebugMon_Handler  stm32f4xx_it.o
    0x08000676   0x08000676   0x00000006   Code   RO         3218    i.EXTI0_IRQHandler  stm32f4xx_it.o
    0x0800067c   0x0800067c   0x00000008   Code   RO         3219    i.EXTI15_10_IRQHandler  stm32f4xx_it.o
    0x08000684   0x08000684   0x00000006   Code   RO         3220    i.EXTI1_IRQHandler  stm32f4xx_it.o
    0x0800068a   0x0800068a   0x00000006   Code   RO         3221    i.EXTI2_IRQHandler  stm32f4xx_it.o
    0x08000690   0x08000690   0x00000006   Code   RO         3222    i.EXTI3_IRQHandler  stm32f4xx_it.o
    0x08000696   0x08000696   0x00000006   Code   RO         3223    i.EXTI4_IRQHandler  stm32f4xx_it.o
    0x0800069c   0x0800069c   0x00000002   Code   RO         1616    i.HAL_ADCEx_InjectedConvCpltCallback  stm32f4xx_hal_adc_ex.o
    0x0800069e   0x0800069e   0x00000002   PAD
    0x080006a0   0x080006a0   0x0000014c   Code   RO            9    i.HAL_ADC_ConfigChannel  stm32f4xx_hal_adc.o
    0x080007ec   0x080007ec   0x00000034   Code   RO         3093    i.HAL_ADC_ConvCpltCallback  main.o
    0x08000820   0x08000820   0x00000002   Code   RO           11    i.HAL_ADC_ConvHalfCpltCallback  stm32f4xx_hal_adc.o
    0x08000822   0x08000822   0x00000002   Code   RO           13    i.HAL_ADC_ErrorCallback  stm32f4xx_hal_adc.o
    0x08000824   0x08000824   0x00000006   Code   RO           16    i.HAL_ADC_GetValue  stm32f4xx_hal_adc.o
    0x0800082a   0x0800082a   0x0000013c   Code   RO           17    i.HAL_ADC_IRQHandler  stm32f4xx_hal_adc.o
    0x08000966   0x08000966   0x00000054   Code   RO           18    i.HAL_ADC_Init      stm32f4xx_hal_adc.o
    0x080009ba   0x080009ba   0x00000002   Code   RO           19    i.HAL_ADC_LevelOutOfWindowCallback  stm32f4xx_hal_adc.o
    0x080009bc   0x080009bc   0x000000ec   Code   RO         3015    i.HAL_ADC_MspInit   stm32f4xx_hal_msp.o
    0x08000aa8   0x08000aa8   0x00000100   Code   RO           25    i.HAL_ADC_Start_DMA  stm32f4xx_hal_adc.o
    0x08000ba8   0x08000ba8   0x000000c8   Code   RO           26    i.HAL_ADC_Start_IT  stm32f4xx_hal_adc.o
    0x08000c70   0x08000c70   0x00000058   Code   RO           28    i.HAL_ADC_Stop_DMA  stm32f4xx_hal_adc.o
    0x08000cc8   0x08000cc8   0x00000048   Code   RO           29    i.HAL_ADC_Stop_IT   stm32f4xx_hal_adc.o
    0x08000d10   0x08000d10   0x0000008e   Code   RO          743    i.HAL_DMA_Abort     stm32f4xx_hal_dma.o
    0x08000d9e   0x08000d9e   0x00000024   Code   RO          744    i.HAL_DMA_Abort_IT  stm32f4xx_hal_dma.o
    0x08000dc2   0x08000dc2   0x00000002   PAD
    0x08000dc4   0x08000dc4   0x000001a0   Code   RO          748    i.HAL_DMA_IRQHandler  stm32f4xx_hal_dma.o
    0x08000f64   0x08000f64   0x000000d4   Code   RO          749    i.HAL_DMA_Init      stm32f4xx_hal_dma.o
    0x08001038   0x08001038   0x00000078   Code   RO          753    i.HAL_DMA_Start_IT  stm32f4xx_hal_dma.o
    0x080010b0   0x080010b0   0x0000001c   Code   RO         2683    i.HAL_Delay         stm32f4xx_hal.o
    0x080010cc   0x080010cc   0x00000128   Code   RO         3094    i.HAL_GPIO_EXTI_Callback  main.o
    0x080011f4   0x080011f4   0x00000018   Code   RO         2849    i.HAL_GPIO_EXTI_IRQHandler  stm32f4xx_hal_gpio.o
    0x0800120c   0x0800120c   0x000001b0   Code   RO         2850    i.HAL_GPIO_Init     stm32f4xx_hal_gpio.o
    0x080013bc   0x080013bc   0x0000000a   Code   RO         2852    i.HAL_GPIO_ReadPin  stm32f4xx_hal_gpio.o
    0x080013c6   0x080013c6   0x00000008   Code   RO         2853    i.HAL_GPIO_TogglePin  stm32f4xx_hal_gpio.o
    0x080013ce   0x080013ce   0x0000000a   Code   RO         2854    i.HAL_GPIO_WritePin  stm32f4xx_hal_gpio.o
    0x080013d8   0x080013d8   0x0000000c   Code   RO         2689    i.HAL_GetTick       stm32f4xx_hal.o
    0x080013e4   0x080013e4   0x00000108   Code   RO          311    i.HAL_I2C_Init      stm32f4xx_hal_i2c.o
    0x080014ec   0x080014ec   0x00000138   Code   RO          322    i.HAL_I2C_Master_Transmit  stm32f4xx_hal_i2c.o
    0x08001624   0x08001624   0x0000004c   Code   RO         3017    i.HAL_I2C_MspInit   stm32f4xx_hal_msp.o
    0x08001670   0x08001670   0x00000010   Code   RO         2691    i.HAL_IncTick       stm32f4xx_hal.o
    0x08001680   0x08001680   0x00000034   Code   RO         2692    i.HAL_Init          stm32f4xx_hal.o
    0x080016b4   0x080016b4   0x00000028   Code   RO         2693    i.HAL_InitTick      stm32f4xx_hal.o
    0x080016dc   0x080016dc   0x00000058   Code   RO         3018    i.HAL_MspInit       stm32f4xx_hal_msp.o
    0x08001734   0x08001734   0x00000016   Code   RO         1482    i.HAL_NVIC_EnableIRQ  stm32f4xx_hal_cortex.o
    0x0800174a   0x0800174a   0x00000002   PAD
    0x0800174c   0x0800174c   0x00000040   Code   RO         1488    i.HAL_NVIC_SetPriority  stm32f4xx_hal_cortex.o
    0x0800178c   0x0800178c   0x00000024   Code   RO         1489    i.HAL_NVIC_SetPriorityGrouping  stm32f4xx_hal_cortex.o
    0x080017b0   0x080017b0   0x00000130   Code   RO         2283    i.HAL_RCC_ClockConfig  stm32f4xx_hal_rcc.o
    0x080018e0   0x080018e0   0x0000000c   Code   RO         2288    i.HAL_RCC_GetHCLKFreq  stm32f4xx_hal_rcc.o
    0x080018ec   0x080018ec   0x00000020   Code   RO         2290    i.HAL_RCC_GetPCLK1Freq  stm32f4xx_hal_rcc.o
    0x0800190c   0x0800190c   0x00000020   Code   RO         2291    i.HAL_RCC_GetPCLK2Freq  stm32f4xx_hal_rcc.o
    0x0800192c   0x0800192c   0x00000064   Code   RO         2292    i.HAL_RCC_GetSysClockFreq  stm32f4xx_hal_rcc.o
    0x08001990   0x08001990   0x000002f0   Code   RO         2295    i.HAL_RCC_OscConfig  stm32f4xx_hal_rcc.o
    0x08001c80   0x08001c80   0x00000018   Code   RO         1491    i.HAL_SYSTICK_CLKSourceConfig  stm32f4xx_hal_cortex.o
    0x08001c98   0x08001c98   0x00000002   Code   RO         1492    i.HAL_SYSTICK_Callback  stm32f4xx_hal_cortex.o
    0x08001c9a   0x08001c9a   0x00000028   Code   RO         1493    i.HAL_SYSTICK_Config  stm32f4xx_hal_cortex.o
    0x08001cc2   0x08001cc2   0x00000008   Code   RO         1494    i.HAL_SYSTICK_IRQHandler  stm32f4xx_hal_cortex.o
    0x08001cca   0x08001cca   0x00000050   Code   RO         1734    i.HAL_TIMEx_MasterConfigSynchronization  stm32f4xx_hal_tim_ex.o
    0x08001d1a   0x08001d1a   0x00000036   Code   RO          848    i.HAL_TIM_Base_Init  stm32f4xx_hal_tim.o
    0x08001d50   0x08001d50   0x0000003c   Code   RO         3020    i.HAL_TIM_Base_MspInit  stm32f4xx_hal_msp.o
    0x08001d8c   0x08001d8c   0x000000f2   Code   RO          857    i.HAL_TIM_ConfigClockSource  stm32f4xx_hal_tim.o
    0x08001e7e   0x08001e7e   0x00000002   PAD
    0x08001e80   0x08001e80   0x00000048   Code   RO         3021    i.HAL_TIM_MspPostInit  stm32f4xx_hal_msp.o
    0x08001ec8   0x08001ec8   0x000000d0   Code   RO          914    i.HAL_TIM_PWM_ConfigChannel  stm32f4xx_hal_tim.o
    0x08001f98   0x08001f98   0x00000036   Code   RO          917    i.HAL_TIM_PWM_Init  stm32f4xx_hal_tim.o
    0x08001fce   0x08001fce   0x00000002   Code   RO          919    i.HAL_TIM_PWM_MspInit  stm32f4xx_hal_tim.o
    0x08001fd0   0x08001fd0   0x00000038   Code   RO          921    i.HAL_TIM_PWM_Start  stm32f4xx_hal_tim.o
    0x08002008   0x08002008   0x0000005c   Code   RO          924    i.HAL_TIM_PWM_Stop  stm32f4xx_hal_tim.o
    0x08002064   0x08002064   0x00000002   Code   RO         1967    i.HAL_UART_AbortReceiveCpltCallback  stm32f4xx_hal_uart.o
    0x08002066   0x08002066   0x00000002   PAD
    0x08002068   0x08002068   0x0000005c   Code   RO         1968    i.HAL_UART_AbortReceive_IT  stm32f4xx_hal_uart.o
    0x080020c4   0x080020c4   0x00000002   Code   RO         1977    i.HAL_UART_ErrorCallback  stm32f4xx_hal_uart.o
    0x080020c6   0x080020c6   0x00000002   PAD
    0x080020c8   0x080020c8   0x00000110   Code   RO         1980    i.HAL_UART_IRQHandler  stm32f4xx_hal_uart.o
    0x080021d8   0x080021d8   0x00000062   Code   RO         1981    i.HAL_UART_Init     stm32f4xx_hal_uart.o
    0x0800223a   0x0800223a   0x00000002   PAD
    0x0800223c   0x0800223c   0x0000005c   Code   RO         3023    i.HAL_UART_MspInit  stm32f4xx_hal_msp.o
    0x08002298   0x08002298   0x000000b8   Code   RO         1984    i.HAL_UART_Receive  stm32f4xx_hal_uart.o
    0x08002350   0x08002350   0x00000048   Code   RO         1986    i.HAL_UART_Receive_IT  stm32f4xx_hal_uart.o
    0x08002398   0x08002398   0x0000005c   Code   RO         3095    i.HAL_UART_RxCpltCallback  main.o
    0x080023f4   0x080023f4   0x00000002   Code   RO         1992    i.HAL_UART_TxCpltCallback  stm32f4xx_hal_uart.o
    0x080023f6   0x080023f6   0x00000002   Code   RO         3224    i.HardFault_Handler  stm32f4xx_it.o
    0x080023f8   0x080023f8   0x00000028   Code   RO          349    i.I2C_IsAcknowledgeFailed  stm32f4xx_hal_i2c.o
    0x08002420   0x08002420   0x00000094   Code   RO          353    i.I2C_MasterRequestWrite  stm32f4xx_hal_i2c.o
    0x080024b4   0x080024b4   0x0000004e   Code   RO          362    i.I2C_WaitOnBTFFlagUntilTimeout  stm32f4xx_hal_i2c.o
    0x08002502   0x08002502   0x00000060   Code   RO          363    i.I2C_WaitOnFlagUntilTimeout  stm32f4xx_hal_i2c.o
    0x08002562   0x08002562   0x00000002   PAD
    0x08002564   0x08002564   0x00000088   Code   RO          364    i.I2C_WaitOnMasterAddressFlagUntilTimeout  stm32f4xx_hal_i2c.o
    0x080025ec   0x080025ec   0x0000004e   Code   RO          366    i.I2C_WaitOnTXEFlagUntilTimeout  stm32f4xx_hal_i2c.o
    0x0800263a   0x0800263a   0x00000002   PAD
    0x0800263c   0x0800263c   0x00000028   Code   RO         3096    i.LineSensor        main.o
    0x08002664   0x08002664   0x000000e4   Code   RO         3097    i.MX_ADC1_Init      main.o
    0x08002748   0x08002748   0x00000054   Code   RO         3098    i.MX_ADC3_Init      main.o
    0x0800279c   0x0800279c   0x000001b8   Code   RO         3099    i.MX_GPIO_Init      main.o
    0x08002954   0x08002954   0x00000038   Code   RO         3100    i.MX_I2C1_Init      main.o
    0x0800298c   0x0800298c   0x00000050   Code   RO         3101    i.MX_TIM2_Init      main.o
    0x080029dc   0x080029dc   0x000000a4   Code   RO         3102    i.MX_TIM3_Init      main.o
    0x08002a80   0x08002a80   0x00000002   Code   RO         3225    i.MemManage_Handler  stm32f4xx_it.o
    0x08002a82   0x08002a82   0x00000002   Code   RO         3226    i.NMI_Handler       stm32f4xx_it.o
    0x08002a84   0x08002a84   0x00000020   Code   RO         1495    i.NVIC_SetPriority  stm32f4xx_hal_cortex.o
    0x08002aa4   0x08002aa4   0x000000c0   Code   RO         3103    i.PID               main.o
    0x08002b64   0x08002b64   0x00000002   Code   RO         3227    i.PendSV_Handler    stm32f4xx_it.o
    0x08002b66   0x08002b66   0x00000002   Code   RO         3228    i.SVC_Handler       stm32f4xx_it.o
    0x08002b68   0x08002b68   0x0000000e   Code   RO         3229    i.SysTick_Handler   stm32f4xx_it.o
    0x08002b76   0x08002b76   0x00000002   PAD
    0x08002b78   0x08002b78   0x000000a0   Code   RO         3104    i.SystemClock_Config  main.o
    0x08002c18   0x08002c18   0x00000054   Code   RO         3453    i.SystemInit        system_stm32f4xx.o
    0x08002c6c   0x08002c6c   0x000000c0   Code   RO          932    i.TIM_Base_SetConfig  stm32f4xx_hal_tim.o
    0x08002d2c   0x08002d2c   0x00000016   Code   RO          933    i.TIM_CCxChannelCmd  stm32f4xx_hal_tim.o
    0x08002d42   0x08002d42   0x00000014   Code   RO          939    i.TIM_ETR_SetConfig  stm32f4xx_hal_tim.o
    0x08002d56   0x08002d56   0x00000010   Code   RO          940    i.TIM_ITRx_SetConfig  stm32f4xx_hal_tim.o
    0x08002d66   0x08002d66   0x00000002   PAD
    0x08002d68   0x08002d68   0x00000058   Code   RO          941    i.TIM_OC1_SetConfig  stm32f4xx_hal_tim.o
    0x08002dc0   0x08002dc0   0x00000064   Code   RO          942    i.TIM_OC2_SetConfig  stm32f4xx_hal_tim.o
    0x08002e24   0x08002e24   0x00000060   Code   RO          943    i.TIM_OC3_SetConfig  stm32f4xx_hal_tim.o
    0x08002e84   0x08002e84   0x00000050   Code   RO          944    i.TIM_OC4_SetConfig  stm32f4xx_hal_tim.o
    0x08002ed4   0x08002ed4   0x00000022   Code   RO          946    i.TIM_TI1_ConfigInputStage  stm32f4xx_hal_tim.o
    0x08002ef6   0x08002ef6   0x00000024   Code   RO          948    i.TIM_TI2_ConfigInputStage  stm32f4xx_hal_tim.o
    0x08002f1a   0x08002f1a   0x00000002   PAD
    0x08002f1c   0x08002f1c   0x0000000c   Code   RO         3230    i.UART4_IRQHandler  stm32f4xx_it.o
    0x08002f28   0x08002f28   0x00000010   Code   RO         1994    i.UART_DMAAbortOnError  stm32f4xx_hal_uart.o
    0x08002f38   0x08002f38   0x00000014   Code   RO         1999    i.UART_DMARxOnlyAbortCallback  stm32f4xx_hal_uart.o
    0x08002f4c   0x08002f4c   0x0000001c   Code   RO         2004    i.UART_EndRxTransfer  stm32f4xx_hal_uart.o
    0x08002f68   0x08002f68   0x0000008c   Code   RO         2006    i.UART_Receive_IT   stm32f4xx_hal_uart.o
    0x08002ff4   0x08002ff4   0x000002ac   Code   RO         2007    i.UART_SetConfig    stm32f4xx_hal_uart.o
    0x080032a0   0x080032a0   0x00000062   Code   RO         2008    i.UART_Transmit_IT  stm32f4xx_hal_uart.o
    0x08003302   0x08003302   0x00000064   Code   RO         2009    i.UART_WaitOnFlagUntilTimeout  stm32f4xx_hal_uart.o
    0x08003366   0x08003366   0x00000002   Code   RO         3231    i.UsageFault_Handler  stm32f4xx_it.o
    0x08003368   0x08003368   0x00000002   Code   RO         3105    i._Error_Handler    main.o
    0x0800336a   0x0800336a   0x00000002   PAD
    0x0800336c   0x0800336c   0x00000028   Code   RO         3539    i.__0sprintf$1      mc_w.l(printf1.o)
    0x08003394   0x08003394   0x00000008   Code   RO         3778    i.__aeabi_errno_addr  mc_w.l(errno.o)
    0x0800339c   0x0800339c   0x0000000e   Code   RO         3840    i.__scatterload_copy  mc_w.l(handlers.o)
    0x080033aa   0x080033aa   0x00000002   Code   RO         3841    i.__scatterload_null  mc_w.l(handlers.o)
    0x080033ac   0x080033ac   0x0000000e   Code   RO         3842    i.__scatterload_zeroinit  mc_w.l(handlers.o)
    0x080033ba   0x080033ba   0x00000002   PAD
    0x080033bc   0x080033bc   0x00000154   Code   RO         3544    i._printf_core      mc_w.l(printf1.o)
    0x08003510   0x08003510   0x0000000a   Code   RO         3546    i._sputc            mc_w.l(printf1.o)
    0x0800351a   0x0800351a   0x00000006   Code   RO         3344    i.lcd_clear_display  i2c-lcd.o
    0x08003520   0x08003520   0x00000016   Code   RO         3345    i.lcd_goto_XY       i2c-lcd.o
    0x08003536   0x08003536   0x0000005a   Code   RO         3346    i.lcd_init          i2c-lcd.o
    0x08003590   0x08003590   0x00000040   Code   RO         3347    i.lcd_send_cmd      i2c-lcd.o
    0x080035d0   0x080035d0   0x00000040   Code   RO         3348    i.lcd_send_data     i2c-lcd.o
    0x08003610   0x08003610   0x00000014   Code   RO         3349    i.lcd_send_string   i2c-lcd.o
    0x08003624   0x08003624   0x00000834   Code   RO         3108    i.main              main.o
    0x08003e58   0x08003e58   0x00000040   Code   RO         3399    i.motorLeftBackward  motor.o
    0x08003e98   0x08003e98   0x00000040   Code   RO         3400    i.motorLeftForward  motor.o
    0x08003ed8   0x08003ed8   0x00000008   Data   RO          755    .constdata          stm32f4xx_hal_dma.o
    0x08003ee0   0x08003ee0   0x00000010   Data   RO         3454    .constdata          system_stm32f4xx.o
    0x08003ef0   0x08003ef0   0x00000008   Data   RO         3455    .constdata          system_stm32f4xx.o
    0x08003ef8   0x08003ef8   0x00000081   Data   RO         3804    .constdata          mc_w.l(ctype_o.o)
    0x08003f79   0x08003f79   0x00000003   PAD
    0x08003f7c   0x08003f7c   0x00000004   Data   RO         3805    .constdata          mc_w.l(ctype_o.o)
    0x08003f80   0x08003f80   0x00000020   Data   RO         3838    Region$$Table       anon$$obj.o


    Execution Region RW_IRAM1 (Exec base: 0x20000000, Load base: 0x08003fa0, Size: 0x00000720, Max: 0x00020000, ABSOLUTE)

    Exec Addr    Load Addr    Size         Type   Attr      Idx    E Section Name        Object

    0x20000000   0x08003fa0   0x00000004   Data   RW         2698    .data               stm32f4xx_hal.o
    0x20000004   0x08003fa4   0x00000028   Data   RW         3111    .data               main.o
    0x2000002c   0x08003fcc   0x00000004   Data   RW         3456    .data               system_stm32f4xx.o
    0x20000030   0x08003fd0   0x00000004   Data   RW         3781    .data               mc_w.l(errno.o)
    0x20000034        -       0x00000286   Zero   RW         3109    .bss                main.o
    0x200002ba   0x08003fd4   0x00000002   PAD
    0x200002bc        -       0x00000060   Zero   RW         3110    .bss                main.o
    0x2000031c   0x08003fd4   0x00000004   PAD
    0x20000320        -       0x00000400   Zero   RW         3442    STACK               startup_stm32f407xx.o


==============================================================================

Image component sizes


      Code (inc. data)   RO Data    RW Data    ZI Data      Debug   Object Name

       266         12          0          0          0       3506   i2c-lcd.o
      3986        706          0         40        742      13786   main.o
       128          8          0          0          0       1179   motor.o
        36          8        392          0       1024        836   startup_stm32f407xx.o
       148         22          0          4          0       4627   stm32f4xx_hal.o
      1782         80          0          0          0     712525   stm32f4xx_hal_adc.o
         2          0          0          0          0       1049   stm32f4xx_hal_adc_ex.o
       228         14          0          0          0      32437   stm32f4xx_hal_cortex.o
      1090         16          8          0          0       7658   stm32f4xx_hal_dma.o
       484         50          0          0          0       4515   stm32f4xx_hal_gpio.o
      1152         24          0          0          0       9393   stm32f4xx_hal_i2c.o
       624        108          0          0          0       4554   stm32f4xx_hal_msp.o
      1232         82          0          0          0       5764   stm32f4xx_hal_rcc.o
      1392         96          0          0          0      13809   stm32f4xx_hal_tim.o
        80          0          0          0          0       1356   stm32f4xx_hal_tim_ex.o
      1810         18          0          0          0      12189   stm32f4xx_hal_uart.o
       120         22          0          0          0       8898   stm32f4xx_it.o
        84         18         24          4          0       1255   system_stm32f4xx.o

    ----------------------------------------------------------------------
     14672       1284        456         48       1772     839336   Object Totals
         0          0         32          0          0          0   (incl. Generated)
        28          0          0          0          6          0   (incl. Padding)

    ----------------------------------------------------------------------

      Code (inc. data)   RO Data    RW Data    ZI Data      Debug   Library Member Name

        28          0          0          0          0         68   _chval.o
       158          0          0          0          0         92   _strtoul.o
        26          0          0          0          0         80   atoi.o
         8          4        133          0          0         68   ctype_o.o
         0          0          0          0          0          0   entry.o
         0          0          0          0          0          0   entry10a.o
         0          0          0          0          0          0   entry11a.o
         8          4          0          0          0          0   entry2.o
         4          0          0          0          0          0   entry5.o
         0          0          0          0          0          0   entry7b.o
         0          0          0          0          0          0   entry8b.o
         8          4          0          0          0          0   entry9a.o
         8          4          0          4          0         68   errno.o
        30          0          0          0          0          0   handlers.o
        36          8          0          0          0         68   init.o
        30          0          0          0          0         68   llshl.o
        32          0          0          0          0         68   llushr.o
       390         10          0          0          0        252   printf1.o
       112          0          0          0          0         88   strtol.o
        44          0          0          0          0         80   uidiv.o
        98          0          0          0          0         92   uldiv.o

    ----------------------------------------------------------------------
      1024         34        136          4          0       1092   Library Totals
         4          0          3          0          0          0   (incl. Padding)

    ----------------------------------------------------------------------

      Code (inc. data)   RO Data    RW Data    ZI Data      Debug   Library Name

      1020         34        133          4          0       1092   mc_w.l

    ----------------------------------------------------------------------
      1024         34        136          4          0       1092   Library Totals

    ----------------------------------------------------------------------

==============================================================================


      Code (inc. data)   RO Data    RW Data    ZI Data      Debug   

     15696       1318        592         52       1772     827264   Grand Totals
     15696       1318        592         52       1772     827264   ELF Image Totals
     15696       1318        592         52          0          0   ROM Totals

==============================================================================

    Total RO  Size (Code + RO Data)                16288 (  15.91kB)
    Total RW  Size (RW Data + ZI Data)              1824 (   1.78kB)
    Total ROM Size (Code + RO Data + RW Data)      16340 (  15.96kB)

==============================================================================

